Archive member included because of file (symbol)

c:/program files (x86)/atollic/truestudio for arm 5.4.0/armtools/bin/../lib/gcc/arm-atollic-eabi/4.8.3/../../../../arm-atollic-eabi/lib/armv7e-m/fpu\libc.a(lib_a-errno.o)
                              Src\syscalls.o (__errno)
c:/program files (x86)/atollic/truestudio for arm 5.4.0/armtools/bin/../lib/gcc/arm-atollic-eabi/4.8.3/../../../../arm-atollic-eabi/lib/armv7e-m/fpu\libc.a(lib_a-impure.o)
                              c:/program files (x86)/atollic/truestudio for arm 5.4.0/armtools/bin/../lib/gcc/arm-atollic-eabi/4.8.3/../../../../arm-atollic-eabi/lib/armv7e-m/fpu\libc.a(lib_a-errno.o) (_impure_ptr)
c:/program files (x86)/atollic/truestudio for arm 5.4.0/armtools/bin/../lib/gcc/arm-atollic-eabi/4.8.3/../../../../arm-atollic-eabi/lib/armv7e-m/fpu\libc.a(lib_a-init.o)
                              startup\startup_stm32f429xx.o (__libc_init_array)
c:/program files (x86)/atollic/truestudio for arm 5.4.0/armtools/bin/../lib/gcc/arm-atollic-eabi/4.8.3/../../../../arm-atollic-eabi/lib/armv7e-m/fpu\libc.a(lib_a-strlen.o)
                              Src\UartRingbuffer.o (strlen)
c:/program files (x86)/atollic/truestudio for arm 5.4.0/armtools/bin/../lib/gcc/arm-atollic-eabi/4.8.3/armv7e-m/fpu\libgcc.a(_aeabi_uldivmod.o)
                              Drivers\STM32F4xx_HAL_Driver\Src\stm32f4xx_hal_rcc.o (__aeabi_uldivmod)
c:/program files (x86)/atollic/truestudio for arm 5.4.0/armtools/bin/../lib/gcc/arm-atollic-eabi/4.8.3/armv7e-m/fpu\libgcc.a(bpabi.o)
                              c:/program files (x86)/atollic/truestudio for arm 5.4.0/armtools/bin/../lib/gcc/arm-atollic-eabi/4.8.3/armv7e-m/fpu\libgcc.a(_aeabi_uldivmod.o) (__gnu_uldivmod_helper)
c:/program files (x86)/atollic/truestudio for arm 5.4.0/armtools/bin/../lib/gcc/arm-atollic-eabi/4.8.3/armv7e-m/fpu\libgcc.a(_dvmd_tls.o)
                              c:/program files (x86)/atollic/truestudio for arm 5.4.0/armtools/bin/../lib/gcc/arm-atollic-eabi/4.8.3/armv7e-m/fpu\libgcc.a(_aeabi_uldivmod.o) (__aeabi_ldiv0)
c:/program files (x86)/atollic/truestudio for arm 5.4.0/armtools/bin/../lib/gcc/arm-atollic-eabi/4.8.3/armv7e-m/fpu\libgcc.a(_divdi3.o)
                              c:/program files (x86)/atollic/truestudio for arm 5.4.0/armtools/bin/../lib/gcc/arm-atollic-eabi/4.8.3/armv7e-m/fpu\libgcc.a(bpabi.o) (__divdi3)
c:/program files (x86)/atollic/truestudio for arm 5.4.0/armtools/bin/../lib/gcc/arm-atollic-eabi/4.8.3/armv7e-m/fpu\libgcc.a(_udivdi3.o)
                              c:/program files (x86)/atollic/truestudio for arm 5.4.0/armtools/bin/../lib/gcc/arm-atollic-eabi/4.8.3/armv7e-m/fpu\libgcc.a(bpabi.o) (__udivdi3)

Allocating common symbols
Common symbol       size              file

hspi2               0x58              Src\main.o
hdma_spi2_rx        0x60              Src\main.o
buffer_rx           0x14              Src\main.o
uwTick              0x4               Drivers\STM32F4xx_HAL_Driver\Src\stm32f4xx_hal.o
pFlash              0x20              Drivers\STM32F4xx_HAL_Driver\Src\stm32f4xx_hal_flash.o
_tx_buffer          0x4               Src\UartRingbuffer.o
_rx_buffer          0x4               Src\UartRingbuffer.o
huart1              0x40              Src\main.o
hspi1               0x58              Src\main.o
hdma_spi1_tx        0x60              Src\main.o

Discarded input sections

 .text          0x00000000        0x0 c:/program files (x86)/atollic/truestudio for arm 5.4.0/armtools/bin/../lib/gcc/arm-atollic-eabi/4.8.3/armv7e-m/fpu/crti.o
 .data          0x00000000        0x0 c:/program files (x86)/atollic/truestudio for arm 5.4.0/armtools/bin/../lib/gcc/arm-atollic-eabi/4.8.3/armv7e-m/fpu/crti.o
 .bss           0x00000000        0x0 c:/program files (x86)/atollic/truestudio for arm 5.4.0/armtools/bin/../lib/gcc/arm-atollic-eabi/4.8.3/armv7e-m/fpu/crti.o
 .data          0x00000000        0x4 c:/program files (x86)/atollic/truestudio for arm 5.4.0/armtools/bin/../lib/gcc/arm-atollic-eabi/4.8.3/armv7e-m/fpu/crtbegin.o
 .text          0x00000000       0x14 startup\startup_stm32f429xx.o
 .data          0x00000000        0x0 startup\startup_stm32f429xx.o
 .bss           0x00000000        0x0 startup\startup_stm32f429xx.o
 .text          0x00000000        0x0 Src\system_stm32f4xx.o
 .data          0x00000000        0x0 Src\system_stm32f4xx.o
 .bss           0x00000000        0x0 Src\system_stm32f4xx.o
 .text.SystemCoreClockUpdate
                0x00000000       0xf4 Src\system_stm32f4xx.o
 .text          0x00000000        0x0 Src\syscalls.o
 .data          0x00000000        0x0 Src\syscalls.o
 .bss           0x00000000        0x0 Src\syscalls.o
 .bss.__env     0x00000000        0x4 Src\syscalls.o
 .data.environ  0x00000000        0x4 Src\syscalls.o
 .text.initialise_monitor_handles
                0x00000000        0xc Src\syscalls.o
 .text._getpid  0x00000000       0x10 Src\syscalls.o
[...]
Memory Configuration

Name             Origin             Length             Attributes
RAM              0x20000000         0x00030000         xrw
CCMRAM           0x10000000         0x00010000         rw
FLASH            0x08000000         0x00200000         xr
*default*        0x00000000         0xffffffff

Linker script and memory map

LOAD c:/program files (x86)/atollic/truestudio for arm 5.4.0/armtools/bin/../lib/gcc/arm-atollic-eabi/4.8.3/armv7e-m/fpu/crti.o
LOAD c:/program files (x86)/atollic/truestudio for arm 5.4.0/armtools/bin/../lib/gcc/arm-atollic-eabi/4.8.3/armv7e-m/fpu/crtbegin.o
LOAD startup\startup_stm32f429xx.o
LOAD Src\system_stm32f4xx.o
LOAD Src\syscalls.o
LOAD Src\stm32f4xx_it.o
LOAD Src\stm32f4xx_hal_msp.o
LOAD Src\main.o
LOAD Src\UartRingbuffer.o
LOAD Drivers\STM32F4xx_HAL_Driver\Src\stm32f4xx_hal_uart.o
LOAD Drivers\STM32F4xx_HAL_Driver\Src\stm32f4xx_hal_tim_ex.o
LOAD Drivers\STM32F4xx_HAL_Driver\Src\stm32f4xx_hal_tim.o
LOAD Drivers\STM32F4xx_HAL_Driver\Src\stm32f4xx_hal_spi.o
LOAD Drivers\STM32F4xx_HAL_Driver\Src\stm32f4xx_hal_rcc_ex.o
LOAD Drivers\STM32F4xx_HAL_Driver\Src\stm32f4xx_hal_rcc.o
LOAD Drivers\STM32F4xx_HAL_Driver\Src\stm32f4xx_hal_pwr_ex.o
LOAD Drivers\STM32F4xx_HAL_Driver\Src\stm32f4xx_hal_pwr.o
LOAD Drivers\STM32F4xx_HAL_Driver\Src\stm32f4xx_hal_gpio.o
LOAD Drivers\STM32F4xx_HAL_Driver\Src\stm32f4xx_hal_flash_ramfunc.o
LOAD Drivers\STM32F4xx_HAL_Driver\Src\stm32f4xx_hal_flash_ex.o
LOAD Drivers\STM32F4xx_HAL_Driver\Src\stm32f4xx_hal_flash.o
LOAD Drivers\STM32F4xx_HAL_Driver\Src\stm32f4xx_hal_exti.o
LOAD Drivers\STM32F4xx_HAL_Driver\Src\stm32f4xx_hal_dma_ex.o
LOAD Drivers\STM32F4xx_HAL_Driver\Src\stm32f4xx_hal_dma.o
LOAD Drivers\STM32F4xx_HAL_Driver\Src\stm32f4xx_hal_cortex.o
LOAD Drivers\STM32F4xx_HAL_Driver\Src\stm32f4xx_hal.o
START GROUP
LOAD c:/program files (x86)/atollic/truestudio for arm 5.4.0/armtools/bin/../lib/gcc/arm-atollic-eabi/4.8.3/../../../../arm-atollic-eabi/lib/armv7e-m/fpu\libc.a
LOAD c:/program files (x86)/atollic/truestudio for arm 5.4.0/armtools/bin/../lib/gcc/arm-atollic-eabi/4.8.3/../../../../arm-atollic-eabi/lib/armv7e-m/fpu\libm.a
END GROUP
                0x00001000                malloc_getpagesize_P = 0x1000
START GROUP
LOAD c:/program files (x86)/atollic/truestudio for arm 5.4.0/armtools/bin/../lib/gcc/arm-atollic-eabi/4.8.3/armv7e-m/fpu\libgcc.a
LOAD c:/program files (x86)/atollic/truestudio for arm 5.4.0/armtools/bin/../lib/gcc/arm-atollic-eabi/4.8.3/../../../../arm-atollic-eabi/lib/armv7e-m/fpu\libc.a
END GROUP
LOAD c:/program files (x86)/atollic/truestudio for arm 5.4.0/armtools/bin/../lib/gcc/arm-atollic-eabi/4.8.3/armv7e-m/fpu/crtend.o
LOAD c:/program files (x86)/atollic/truestudio for arm 5.4.0/armtools/bin/../lib/gcc/arm-atollic-eabi/4.8.3/armv7e-m/fpu/crtn.o
                0x20030000                _estack = 0x20030000
                0x00000200                _Min_Heap_Size = 0x200
                0x00000400                _Min_Stack_Size = 0x400

.isr_vector     0x08000000      0x1ac
                0x08000000                . = ALIGN (0x4)
 *(.isr_vector)
 .isr_vector    0x08000000      0x1ac startup\startup_stm32f429xx.o
                0x08000000                g_pfnVectors
                0x080001ac                . = ALIGN (0x4)

.text           0x080001ac     0x3168
                0x080001ac                . = ALIGN (0x4)
 *(.text)
 .text          0x080001ac       0x40 c:/program files (x86)/atollic/truestudio for arm 5.4.0/armtools/bin/../lib/gcc/arm-atollic-eabi/4.8.3/armv7e-m/fpu/crtbegin.o
 .text          0x080001ec       0x2c c:/program files (x86)/atollic/truestudio for arm 5.4.0/armtools/bin/../lib/gcc/arm-atollic-eabi/4.8.3/armv7e-m/fpu\libgcc.a(_aeabi_uldivmod.o)
                0x080001ec                __aeabi_uldivmod
 .text          0x08000218       0x60 c:/program files (x86)/atollic/truestudio for arm 5.4.0/armtools/bin/../lib/gcc/arm-atollic-eabi/4.8.3/armv7e-m/fpu\libgcc.a(bpabi.o)
                0x08000218                __gnu_ldivmod_helper
                0x08000248                __gnu_uldivmod_helper
 .text          0x08000278        0x4 c:/program files (x86)/atollic/truestudio for arm 5.4.0/armtools/bin/../lib/gcc/arm-atollic-eabi/4.8.3/armv7e-m/fpu\libgcc.a(_dvmd_tls.o)
                0x08000278                __aeabi_idiv0
                0x08000278                __aeabi_ldiv0
 .text          0x0800027c      0x298 c:/program files (x86)/atollic/truestudio for arm 5.4.0/armtools/bin/../lib/gcc/arm-atollic-eabi/4.8.3/armv7e-m/fpu\libgcc.a(_divdi3.o)
                0x0800027c                __divdi3
 .text          0x08000514      0x284 c:/program files (x86)/atollic/truestudio for arm 5.4.0/armtools/bin/../lib/gcc/arm-atollic-eabi/4.8.3/armv7e-m/fpu\libgcc.a(_udivdi3.o)
                0x08000514                __udivdi3
 *(.text*)
 .text.Reset_Handler
                0x08000798       0x58 startup\startup_stm32f429xx.o
                0x08000798                Reset_Handler
 .text.Default_Handler
                0x080007f0        0x4 startup\startup_stm32f429xx.o
                0x080007f0                RTC_Alarm_IRQHandler
                0x080007f0                HASH_RNG_IRQHandler
                0x080007f0                EXTI2_IRQHandler
                0x080007f0                TIM8_CC_IRQHandler
                0x080007f0                UART8_IRQHandler
                0x080007f0                SPI4_IRQHandler
                0x080007f0                TIM1_CC_IRQHandler
                0x080007f0                DMA2_Stream5_IRQHandler
                0x080007f0                DMA1_Stream5_IRQHandler
                0x080007f0                SysTick_Handler
                0x080007f0                PVD_IRQHandler
                0x080007f0                SDIO_IRQHandler
                0x080007f0                TAMP_STAMP_IRQHandler
                0x080007f0                CAN2_RX1_IRQHandler
                0x080007f0                EXTI3_IRQHandler
                0x080007f0                TIM8_TRG_COM_TIM14_IRQHandler
                0x080007f0                TIM1_UP_TIM10_IRQHandler
                0x080007f0                TIM8_UP_TIM13_IRQHandler
                0x080007f0                I2C3_ER_IRQHandler
                0x080007f0                EXTI0_IRQHandler
                0x080007f0                I2C2_EV_IRQHandler
                0x080007f0                DMA1_Stream2_IRQHandler
                0x080007f0                CAN1_RX0_IRQHandler
                0x080007f0                FPU_IRQHandler
                0x080007f0                OTG_HS_WKUP_IRQHandler
                0x080007f0                LTDC_ER_IRQHandler
                0x080007f0                CAN2_SCE_IRQHandler
                0x080007f0                DMA2_Stream2_IRQHandler
                0x080007f0                SPI1_IRQHandler
                0x080007f0                TIM6_DAC_IRQHandler
                0x080007f0                TIM1_BRK_TIM9_IRQHandler
                0x080007f0                DCMI_IRQHandler
                0x080007f0                CAN2_RX0_IRQHandler
                0x080007f0                USART6_IRQHandler
                0x080007f0                USART3_IRQHandler
                0x080007f0                CAN1_RX1_IRQHandler
                0x080007f0                UART5_IRQHandler
                0x080007f0                DMA2_Stream0_IRQHandler
                0x080007f0                TIM4_IRQHandler
                0x080007f0                I2C1_EV_IRQHandler
                0x080007f0                DMA1_Stream6_IRQHandler
                0x080007f0                DMA1_Stream1_IRQHandler
                0x080007f0                UART4_IRQHandler
                0x080007f0                TIM3_IRQHandler
                0x080007f0                RCC_IRQHandler
                0x080007f0                TIM8_BRK_TIM12_IRQHandler
                0x080007f0                Default_Handler
                0x080007f0                EXTI15_10_IRQHandler
                0x080007f0                ADC_IRQHandler
                0x080007f0                DMA1_Stream7_IRQHandler
                0x080007f0                SPI5_IRQHandler
                0x080007f0                TIM7_IRQHandler
                0x080007f0                CAN2_TX_IRQHandler
                0x080007f0                TIM5_IRQHandler
                0x080007f0                DMA2_Stream7_IRQHandler
                0x080007f0                I2C3_EV_IRQHandler
                0x080007f0                EXTI9_5_IRQHandler
                0x080007f0                RTC_WKUP_IRQHandler
                0x080007f0                LTDC_IRQHandler
                0x080007f0                ETH_WKUP_IRQHandler
                0x080007f0                SPI2_IRQHandler
                0x080007f0                OTG_HS_EP1_IN_IRQHandler
                0x080007f0                DMA1_Stream0_IRQHandler
                0x080007f0                CAN1_TX_IRQHandler
                0x080007f0                EXTI4_IRQHandler
                0x080007f0                ETH_IRQHandler
                0x080007f0                OTG_HS_EP1_OUT_IRQHandler
                0x080007f0                WWDG_IRQHandler
                0x080007f0                SPI6_IRQHandler
                0x080007f0                TIM2_IRQHandler
                0x080007f0                OTG_FS_WKUP_IRQHandler
                0x080007f0                TIM1_TRG_COM_TIM11_IRQHandler
                0x080007f0                OTG_HS_IRQHandler
                0x080007f0                DMA2D_IRQHandler
                0x080007f0                EXTI1_IRQHandler
                0x080007f0                UART7_IRQHandler
                0x080007f0                USART2_IRQHandler
                0x080007f0                I2C2_ER_IRQHandler
                0x080007f0                DMA2_Stream1_IRQHandler
                0x080007f0                CAN1_SCE_IRQHandler
                0x080007f0                FLASH_IRQHandler
                0x080007f0                DMA2_Stream4_IRQHandler
                0x080007f0                OTG_FS_IRQHandler
                0x080007f0                SPI3_IRQHandler
                0x080007f0                DMA1_Stream4_IRQHandler
                0x080007f0                I2C1_ER_IRQHandler
                0x080007f0                FMC_IRQHandler
                0x080007f0                DMA2_Stream6_IRQHandler
                0x080007f0                SAI1_IRQHandler
 .text.SystemInit
                0x080007f4       0x6c Src\system_stm32f4xx.o
                0x080007f4                SystemInit
 .text.NMI_Handler
                0x08000860        0xc Src\stm32f4xx_it.o
                0x08000860                NMI_Handler
 .text.HardFault_Handler
                0x0800086c        0x8 Src\stm32f4xx_it.o
                0x0800086c                HardFault_Handler
 .text.MemManage_Handler
                0x08000874        0x8 Src\stm32f4xx_it.o
                0x08000874                MemManage_Handler
 .text.BusFault_Handler
                0x0800087c        0x8 Src\stm32f4xx_it.o
                0x0800087c                BusFault_Handler
 .text.UsageFault_Handler
                0x08000884        0x8 Src\stm32f4xx_it.o
                0x08000884                UsageFault_Handler
 .text.SVC_Handler
                0x0800088c        0xc Src\stm32f4xx_it.o
                0x0800088c                SVC_Handler
 .text.DebugMon_Handler
                0x08000898        0xc Src\stm32f4xx_it.o
                0x08000898                DebugMon_Handler
 .text.PendSV_Handler
                0x080008a4        0xc Src\stm32f4xx_it.o
                0x080008a4                PendSV_Handler
 .text.DMA1_Stream3_IRQHandler
                0x080008b0       0x10 Src\stm32f4xx_it.o
                0x080008b0                DMA1_Stream3_IRQHandler
 .text.USART1_IRQHandler
                0x080008c0       0x18 Src\stm32f4xx_it.o
                0x080008c0                USART1_IRQHandler
 .text.DMA2_Stream3_IRQHandler
                0x080008d8       0x10 Src\stm32f4xx_it.o
                0x080008d8                DMA2_Stream3_IRQHandler
 .text.HAL_MspInit
                0x080008e8       0x4c Src\stm32f4xx_hal_msp.o
                0x080008e8                HAL_MspInit
 .text.HAL_SPI_MspInit
                0x08000934      0x214 Src\stm32f4xx_hal_msp.o
                0x08000934                HAL_SPI_MspInit
 .text.HAL_UART_MspInit
                0x08000b48       0xb0 Src\stm32f4xx_hal_msp.o
                0x08000b48                HAL_UART_MspInit
 .text.main     0x08000bf8       0x38 Src\main.o
                0x08000bf8                main
 .text.SystemClock_Config
                0x08000c30      0x124 Src\main.o
                0x08000c30                SystemClock_Config
 .text.MX_SPI1_Init
                0x08000d54       0x6c Src\main.o
 .text.MX_SPI2_Init
                0x08000dc0       0x64 Src\main.o
 .text.MX_USART1_UART_Init
                0x08000e24       0x50 Src\main.o
 .text.MX_DMA_Init
                0x08000e74       0x68 Src\main.o
 .text.MX_GPIO_Init
                0x08000edc       0x84 Src\main.o
 .text.Error_Handler
                0x08000f60        0xc Src\main.o
                0x08000f60                Error_Handler
 .text.store_char
                0x08000f6c       0x3c Src\UartRingbuffer.o
                0x08000f6c                store_char
 .text.Uart_isr
                0x08000fa8       0xb4 Src\UartRingbuffer.o
                0x08000fa8                Uart_isr
 .text.HAL_UART_Init
                0x0800105c       0x9c Drivers\STM32F4xx_HAL_Driver\Src\stm32f4xx_hal_uart.o
                0x0800105c                HAL_UART_Init
 .text.HAL_UART_IRQHandler
                0x080010f8      0x1f4 Drivers\STM32F4xx_HAL_Driver\Src\stm32f4xx_hal_uart.o
                0x080010f8                HAL_UART_IRQHandler
 .text.HAL_UART_TxCpltCallback
                0x080012ec       0x14 Drivers\STM32F4xx_HAL_Driver\Src\stm32f4xx_hal_uart.o
                0x080012ec                HAL_UART_TxCpltCallback
 .text.HAL_UART_RxCpltCallback
                0x08001300       0x14 Drivers\STM32F4xx_HAL_Driver\Src\stm32f4xx_hal_uart.o
                0x08001300                HAL_UART_RxCpltCallback
 .text.HAL_UART_ErrorCallback
                0x08001314       0x14 Drivers\STM32F4xx_HAL_Driver\Src\stm32f4xx_hal_uart.o
                0x08001314                HAL_UART_ErrorCallback
 .text.UART_EndRxTransfer
                0x08001328       0x3c Drivers\STM32F4xx_HAL_Driver\Src\stm32f4xx_hal_uart.o
 .text.UART_DMAAbortOnError
                0x08001364       0x28 Drivers\STM32F4xx_HAL_Driver\Src\stm32f4xx_hal_uart.o
 .text.UART_Transmit_IT
                0x0800138c       0xac Drivers\STM32F4xx_HAL_Driver\Src\stm32f4xx_hal_uart.o
 .text.UART_EndTransmit_IT
                0x08001438       0x30 Drivers\STM32F4xx_HAL_Driver\Src\stm32f4xx_hal_uart.o
 .text.UART_Receive_IT
                0x08001468      0x104 Drivers\STM32F4xx_HAL_Driver\Src\stm32f4xx_hal_uart.o
 .text.UART_SetConfig
                0x0800156c      0x420 Drivers\STM32F4xx_HAL_Driver\Src\stm32f4xx_hal_uart.o
 .text.HAL_SPI_Init
                0x0800198c       0xc8 Drivers\STM32F4xx_HAL_Driver\Src\stm32f4xx_hal_spi.o
                0x0800198c                HAL_SPI_Init
 .text.HAL_SPI_Transmit
                0x08001a54      0x268 Drivers\STM32F4xx_HAL_Driver\Src\stm32f4xx_hal_spi.o
                0x08001a54                HAL_SPI_Transmit
 .text.SPI_WaitFlagStateUntilTimeout
                0x08001cbc       0xd4 Drivers\STM32F4xx_HAL_Driver\Src\stm32f4xx_hal_spi.o
 .text.SPI_EndRxTxTransaction
                0x08001d90       0x80 Drivers\STM32F4xx_HAL_Driver\Src\stm32f4xx_hal_spi.o
 .text.HAL_RCC_OscConfig
                0x08001e10      0x480 Drivers\STM32F4xx_HAL_Driver\Src\stm32f4xx_hal_rcc.o
                0x08001e10                HAL_RCC_OscConfig
 .text.HAL_RCC_ClockConfig
                0x08002290      0x1c4 Drivers\STM32F4xx_HAL_Driver\Src\stm32f4xx_hal_rcc.o
                0x08002290                HAL_RCC_ClockConfig
 .text.HAL_RCC_GetSysClockFreq
                0x08002454      0x1c4 Drivers\STM32F4xx_HAL_Driver\Src\stm32f4xx_hal_rcc.o
                0x08002454                HAL_RCC_GetSysClockFreq
 .text.HAL_RCC_GetHCLKFreq
                0x08002618       0x18 Drivers\STM32F4xx_HAL_Driver\Src\stm32f4xx_hal_rcc.o
                0x08002618                HAL_RCC_GetHCLKFreq
 .text.HAL_RCC_GetPCLK1Freq
                0x08002630       0x28 Drivers\STM32F4xx_HAL_Driver\Src\stm32f4xx_hal_rcc.o
                0x08002630                HAL_RCC_GetPCLK1Freq
 .text.HAL_RCC_GetPCLK2Freq
                0x08002658       0x28 Drivers\STM32F4xx_HAL_Driver\Src\stm32f4xx_hal_rcc.o
                0x08002658                HAL_RCC_GetPCLK2Freq
 .text.HAL_GPIO_Init
                0x08002680      0x354 Drivers\STM32F4xx_HAL_Driver\Src\stm32f4xx_hal_gpio.o
                0x08002680                HAL_GPIO_Init
 .text.HAL_DMA_Init
                0x080029d4      0x15c Drivers\STM32F4xx_HAL_Driver\Src\stm32f4xx_hal_dma.o
                0x080029d4                HAL_DMA_Init
 .text.HAL_DMA_Abort_IT
                0x08002b30       0x44 Drivers\STM32F4xx_HAL_Driver\Src\stm32f4xx_hal_dma.o
                0x08002b30                HAL_DMA_Abort_IT
 .text.HAL_DMA_IRQHandler
                0x08002b74      0x310 Drivers\STM32F4xx_HAL_Driver\Src\stm32f4xx_hal_dma.o
                0x08002b74                HAL_DMA_IRQHandler
 .text.DMA_CalcBaseAndBitshift
                0x08002e84       0x6c Drivers\STM32F4xx_HAL_Driver\Src\stm32f4xx_hal_dma.o
 .text.DMA_CheckFifoParam
                0x08002ef0       0xec Drivers\STM32F4xx_HAL_Driver\Src\stm32f4xx_hal_dma.o
 .text.__NVIC_SetPriorityGrouping
                0x08002fdc       0x48 Drivers\STM32F4xx_HAL_Driver\Src\stm32f4xx_hal_cortex.o
 .text.__NVIC_GetPriorityGrouping
                0x08003024       0x1c Drivers\STM32F4xx_HAL_Driver\Src\stm32f4xx_hal_cortex.o
 .text.__NVIC_EnableIRQ
                0x08003040       0x38 Drivers\STM32F4xx_HAL_Driver\Src\stm32f4xx_hal_cortex.o
 .text.__NVIC_SetPriority
                0x08003078       0x54 Drivers\STM32F4xx_HAL_Driver\Src\stm32f4xx_hal_cortex.o
 .text.NVIC_EncodePriority
                0x080030cc       0x64 Drivers\STM32F4xx_HAL_Driver\Src\stm32f4xx_hal_cortex.o
 .text.SysTick_Config
                0x08003130       0x44 Drivers\STM32F4xx_HAL_Driver\Src\stm32f4xx_hal_cortex.o
 .text.HAL_NVIC_SetPriorityGrouping
                0x08003174       0x14 Drivers\STM32F4xx_HAL_Driver\Src\stm32f4xx_hal_cortex.o
                0x08003174                HAL_NVIC_SetPriorityGrouping
 .text.HAL_NVIC_SetPriority
                0x08003188       0x38 Drivers\STM32F4xx_HAL_Driver\Src\stm32f4xx_hal_cortex.o
                0x08003188                HAL_NVIC_SetPriority
 .text.HAL_NVIC_EnableIRQ
                0x080031c0       0x1c Drivers\STM32F4xx_HAL_Driver\Src\stm32f4xx_hal_cortex.o
                0x080031c0                HAL_NVIC_EnableIRQ
 .text.HAL_SYSTICK_Config
                0x080031dc       0x18 Drivers\STM32F4xx_HAL_Driver\Src\stm32f4xx_hal_cortex.o
                0x080031dc                HAL_SYSTICK_Config
 .text.HAL_Init
                0x080031f4       0x44 Drivers\STM32F4xx_HAL_Driver\Src\stm32f4xx_hal.o
                0x080031f4                HAL_Init
 .text.HAL_InitTick
                0x08003238       0x60 Drivers\STM32F4xx_HAL_Driver\Src\stm32f4xx_hal.o
                0x08003238                HAL_InitTick
 .text.HAL_GetTick
                0x08003298       0x18 Drivers\STM32F4xx_HAL_Driver\Src\stm32f4xx_hal.o
                0x08003298                HAL_GetTick
 .text.__libc_init_array
                0x080032b0       0x4c c:/program files (x86)/atollic/truestudio for arm 5.4.0/armtools/bin/../lib/gcc/arm-atollic-eabi/4.8.3/../../../../arm-atollic-eabi/lib/armv7e-m/fpu\libc.a(lib_a-init.o)
                0x080032b0                __libc_init_array
 *(.glue_7)
 .glue_7        0x00000000        0x0 linker stubs
 *(.glue_7t)
 .glue_7t       0x00000000        0x0 linker stubs
 *(.eh_frame)
 .eh_frame      0x080032fc        0x0 c:/program files (x86)/atollic/truestudio for arm 5.4.0/armtools/bin/../lib/gcc/arm-atollic-eabi/4.8.3/armv7e-m/fpu/crtbegin.o
 *(.init)
 .init          0x080032fc        0x4 c:/program files (x86)/atollic/truestudio for arm 5.4.0/armtools/bin/../lib/gcc/arm-atollic-eabi/4.8.3/armv7e-m/fpu/crti.o
                0x080032fc                _init
 .init          0x08003300        0x8 c:/program files (x86)/atollic/truestudio for arm 5.4.0/armtools/bin/../lib/gcc/arm-atollic-eabi/4.8.3/armv7e-m/fpu/crtn.o
 *(.fini)
 .fini          0x08003308        0x4 c:/program files (x86)/atollic/truestudio for arm 5.4.0/armtools/bin/../lib/gcc/arm-atollic-eabi/4.8.3/armv7e-m/fpu/crti.o
                0x08003308                _fini
 .fini          0x0800330c        0x8 c:/program files (x86)/atollic/truestudio for arm 5.4.0/armtools/bin/../lib/gcc/arm-atollic-eabi/4.8.3/armv7e-m/fpu/crtn.o
                0x08003314                . = ALIGN (0x4)
                0x08003314                _etext = .

.vfp11_veneer   0x08003314        0x0
 .vfp11_veneer  0x00000000        0x0 linker stubs

.v4_bx          0x08003314        0x0
 .v4_bx         0x00000000        0x0 linker stubs

.iplt           0x08003314        0x0
 .iplt          0x00000000        0x0 c:/program files (x86)/atollic/truestudio for arm 5.4.0/armtools/bin/../lib/gcc/arm-atollic-eabi/4.8.3/armv7e-m/fpu/crtbegin.o

.rodata         0x08003314       0x20
                0x08003314                . = ALIGN (0x4)
 *(.rodata)
 *(.rodata*)
 .rodata.AHBPrescTable
                0x08003314       0x10 Src\system_stm32f4xx.o
                0x08003314                AHBPrescTable
 .rodata.APBPrescTable
                0x08003324        0x8 Src\system_stm32f4xx.o
                0x08003324                APBPrescTable
 .rodata.flagBitshiftOffset.6564
                0x0800332c        0x8 Drivers\STM32F4xx_HAL_Driver\Src\stm32f4xx_hal_dma.o
                0x08003334                . = ALIGN (0x4)

.ARM.extab
 *(.ARM.extab* .gnu.linkonce.armextab.*)

.ARM            0x08003334        0x8
                0x08003334                __exidx_start = .
 *(.ARM.exidx*)
 .ARM.exidx     0x08003334        0x8 c:/program files (x86)/atollic/truestudio for arm 5.4.0/armtools/bin/../lib/gcc/arm-atollic-eabi/4.8.3/armv7e-m/fpu\libgcc.a(_divdi3.o)
 .ARM.exidx     0x0800333c        0x0 c:/program files (x86)/atollic/truestudio for arm 5.4.0/armtools/bin/../lib/gcc/arm-atollic-eabi/4.8.3/armv7e-m/fpu\libgcc.a(_udivdi3.o)
                                  0x8 (size before relaxing)
                0x0800333c                __exidx_end = .

.rel.dyn        0x0800333c        0x0
 .rel.iplt      0x00000000        0x0 c:/program files (x86)/atollic/truestudio for arm 5.4.0/armtools/bin/../lib/gcc/arm-atollic-eabi/4.8.3/armv7e-m/fpu/crtbegin.o

.preinit_array  0x0800333c        0x0
                0x0800333c                PROVIDE (__preinit_array_start, .)
 *(.preinit_array*)
                0x0800333c                PROVIDE (__preinit_array_end, .)

.init_array     0x0800333c        0x4
                0x0800333c                PROVIDE (__init_array_start, .)
 *(SORT(.init_array.*))
 *(.init_array*)
 .init_array    0x0800333c        0x4 c:/program files (x86)/atollic/truestudio for arm 5.4.0/armtools/bin/../lib/gcc/arm-atollic-eabi/4.8.3/armv7e-m/fpu/crtbegin.o
                0x08003340                PROVIDE (__init_array_end, .)

.fini_array     0x08003340        0x4
                0x08003340                PROVIDE (__fini_array_start, .)
 *(SORT(.fini_array.*))
 *(.fini_array*)
 .fini_array    0x08003340        0x4 c:/program files (x86)/atollic/truestudio for arm 5.4.0/armtools/bin/../lib/gcc/arm-atollic-eabi/4.8.3/armv7e-m/fpu/crtbegin.o
                0x08003344                PROVIDE (__fini_array_end, .)
                0x08003344                _sidata = LOADADDR (.data)

.data           0x20000000       0x20 load address 0x08003344
                0x20000000                . = ALIGN (0x4)
                0x20000000                _sdata = .
 *(.data)
 *(.data*)
 .data.SystemCoreClock
                0x20000000        0x4 Src\system_stm32f4xx.o
                0x20000000                SystemCoreClock
 .data.buffer_tx
                0x20000004       0x14 Src\main.o
                0x20000004                buffer_tx
 .data.uwTickPrio
                0x20000018        0x4 Drivers\STM32F4xx_HAL_Driver\Src\stm32f4xx_hal.o
                0x20000018                uwTickPrio
 .data.uwTickFreq
                0x2000001c        0x1 Drivers\STM32F4xx_HAL_Driver\Src\stm32f4xx_hal.o
                0x2000001c                uwTickFreq
                0x20000020                . = ALIGN (0x4)
 *fill*         0x2000001d        0x3 
                0x20000020                _edata = .
                0x08003364                _siccmram = LOADADDR (.ccmram)

.igot.plt       0x20000020        0x0 load address 0x08003364
 .igot.plt      0x00000000        0x0 c:/program files (x86)/atollic/truestudio for arm 5.4.0/armtools/bin/../lib/gcc/arm-atollic-eabi/4.8.3/armv7e-m/fpu/crtbegin.o

.ccmram         0x10000000        0x0 load address 0x08003364
                0x10000000                . = ALIGN (0x4)
                0x10000000                _sccmram = .
 *(.ccmram)
 *(.ccmram*)
                0x10000000                . = ALIGN (0x4)
                0x10000000                _eccmram = .
                0x10000000                . = ALIGN (0x4)

.bss            0x20000020      0x234
                0x20000020                _sbss = .
                0x20000020                __bss_start__ = _sbss
 *(.bss)
 .bss           0x20000020       0x1c c:/program files (x86)/atollic/truestudio for arm 5.4.0/armtools/bin/../lib/gcc/arm-atollic-eabi/4.8.3/armv7e-m/fpu/crtbegin.o
 *(.bss*)
 .bss.tx_buffer
                0x2000003c       0x48 Src\UartRingbuffer.o
                0x2000003c                tx_buffer
 *(COMMON)
 COMMON         0x20000084      0x1c4 Src\main.o
                0x20000084                hspi2
                0x200000dc                hdma_spi2_rx
                0x2000013c                buffer_rx
                0x20000150                huart1
                0x20000190                hspi1
                0x200001e8                hdma_spi1_tx
 COMMON         0x20000248        0x8 Src\UartRingbuffer.o
                0x20000248                _tx_buffer
                0x2000024c                _rx_buffer
 COMMON         0x20000250        0x4 Drivers\STM32F4xx_HAL_Driver\Src\stm32f4xx_hal.o
                0x20000250                uwTick
                0x20000254                . = ALIGN (0x4)
                0x20000254                _ebss = .
                0x20000254                __bss_end__ = _ebss

._user_heap_stack
                0x20000254      0x600
                0x20000254                . = ALIGN (0x4)
                0x20000254                PROVIDE (end, .)
                0x20000254                PROVIDE (_end, .)
                0x20000454                . = (. + _Min_Heap_Size)
 *fill*         0x20000254      0x200 
                0x20000854                . = (. + _Min_Stack_Size)
 *fill*         0x20000454      0x400 
                0x20000854                . = ALIGN (0x4)

/DISCARD/
 libc.a(*)
 libm.a(*)
 libgcc.a(*)

.ARM.attributes
                0x00000000       0x30
 *(.ARM.attributes)
 .ARM.attributes
                0x00000000       0x22 c:/program files (x86)/atollic/truestudio for arm 5.4.0/armtools/bin/../lib/gcc/arm-atollic-eabi/4.8.3/armv7e-m/fpu/crti.o
 .ARM.attributes
                0x00000022       0x34 c:/program files (x86)/atollic/truestudio for arm 5.4.0/armtools/bin/../lib/gcc/arm-atollic-eabi/4.8.3/armv7e-m/fpu/crtbegin.o
 .ARM.attributes
                0x00000056       0x21 startup\startup_stm32f429xx.o
 .ARM.attributes
                0x00000077       0x39 Src\system_stm32f4xx.o
 .ARM.attributes
                0x000000b0       0x39 Src\stm32f4xx_it.o
 .ARM.attributes
                0x000000e9       0x39 Src\stm32f4xx_hal_msp.o
 .ARM.attributes
                0x00000122       0x39 Src\main.o
 .ARM.attributes
                0x0000015b       0x39 Src\UartRingbuffer.o
 .ARM.attributes
                0x00000194       0x39 Drivers\STM32F4xx_HAL_Driver\Src\stm32f4xx_hal_uart.o
 .ARM.attributes
                0x000001cd       0x39 Drivers\STM32F4xx_HAL_Driver\Src\stm32f4xx_hal_spi.o
 .ARM.attributes
                0x00000206       0x39 Drivers\STM32F4xx_HAL_Driver\Src\stm32f4xx_hal_rcc.o
 .ARM.attributes
                0x0000023f       0x39 Drivers\STM32F4xx_HAL_Driver\Src\stm32f4xx_hal_gpio.o
 .ARM.attributes
                0x00000278       0x39 Drivers\STM32F4xx_HAL_Driver\Src\stm32f4xx_hal_dma.o
 .ARM.attributes
                0x000002b1       0x39 Drivers\STM32F4xx_HAL_Driver\Src\stm32f4xx_hal_cortex.o
 .ARM.attributes
                0x000002ea       0x39 Drivers\STM32F4xx_HAL_Driver\Src\stm32f4xx_hal.o
 .ARM.attributes
                0x00000323       0x34 c:/program files (x86)/atollic/truestudio for arm 5.4.0/armtools/bin/../lib/gcc/arm-atollic-eabi/4.8.3/../../../../arm-atollic-eabi/lib/armv7e-m/fpu\libc.a(lib_a-init.o)
 .ARM.attributes
                0x00000357       0x22 c:/program files (x86)/atollic/truestudio for arm 5.4.0/armtools/bin/../lib/gcc/arm-atollic-eabi/4.8.3/armv7e-m/fpu\libgcc.a(_aeabi_uldivmod.o)
 .ARM.attributes
                0x00000379       0x34 c:/program files (x86)/atollic/truestudio for arm 5.4.0/armtools/bin/../lib/gcc/arm-atollic-eabi/4.8.3/armv7e-m/fpu\libgcc.a(bpabi.o)
 .ARM.attributes
                0x000003ad       0x22 c:/program files (x86)/atollic/truestudio for arm 5.4.0/armtools/bin/../lib/gcc/arm-atollic-eabi/4.8.3/armv7e-m/fpu\libgcc.a(_dvmd_tls.o)
 .ARM.attributes
                0x000003cf       0x34 c:/program files (x86)/atollic/truestudio for arm 5.4.0/armtools/bin/../lib/gcc/arm-atollic-eabi/4.8.3/armv7e-m/fpu\libgcc.a(_divdi3.o)
 .ARM.attributes
                0x00000403       0x34 c:/program files (x86)/atollic/truestudio for arm 5.4.0/armtools/bin/../lib/gcc/arm-atollic-eabi/4.8.3/armv7e-m/fpu\libgcc.a(_udivdi3.o)
 .ARM.attributes
                0x00000437       0x22 c:/program files (x86)/atollic/truestudio for arm 5.4.0/armtools/bin/../lib/gcc/arm-atollic-eabi/4.8.3/armv7e-m/fpu/crtn.o
OUTPUT(TX_Project.elf elf32-littlearm)

.debug_line     0x00000000     0x3c3d
 .debug_line    0x00000000       0x7f startup\startup_stm32f429xx.o
 .debug_line    0x0000007f      0x1ba Src\system_stm32f4xx.o
 .debug_line    0x00000239      0x2b0 Src\stm32f4xx_it.o
 .debug_line    0x000004e9      0x2bb Src\stm32f4xx_hal_msp.o
 .debug_line    0x000007a4      0x31f Src\main.o
 .debug_line    0x00000ac3      0x3be Src\UartRingbuffer.o
 .debug_line    0x00000e81      0xafe Drivers\STM32F4xx_HAL_Driver\Src\stm32f4xx_hal_uart.o
 .debug_line    0x0000197f      0xbbf Drivers\STM32F4xx_HAL_Driver\Src\stm32f4xx_hal_spi.o
 .debug_line    0x0000253e      0x4d2 Drivers\STM32F4xx_HAL_Driver\Src\stm32f4xx_hal_rcc.o
 .debug_line    0x00002a10      0x402 Drivers\STM32F4xx_HAL_Driver\Src\stm32f4xx_hal_gpio.o
 .debug_line    0x00002e12      0x4d2 Drivers\STM32F4xx_HAL_Driver\Src\stm32f4xx_hal_dma.o
 .debug_line    0x000032e4      0x523 Drivers\STM32F4xx_HAL_Driver\Src\stm32f4xx_hal_cortex.o
 .debug_line    0x00003807      0x436 Drivers\STM32F4xx_HAL_Driver\Src\stm32f4xx_hal.o

.debug_info     0x00000000     0x88a4
 .debug_info    0x00000000       0x7a startup\startup_stm32f429xx.o
 .debug_info    0x0000007a      0x4d9 Src\system_stm32f4xx.o
 .debug_info    0x00000553      0x5f9 Src\stm32f4xx_it.o
 .debug_info    0x00000b4c      0xe7d Src\stm32f4xx_hal_msp.o
 .debug_info    0x000019c9      0xf50 Src\main.o
 .debug_info    0x00002919      0x927 Src\UartRingbuffer.o
 .debug_info    0x00003240     0x116e Drivers\STM32F4xx_HAL_Driver\Src\stm32f4xx_hal_uart.o
 .debug_info    0x000043ae     0x158a Drivers\STM32F4xx_HAL_Driver\Src\stm32f4xx_hal_spi.o
 .debug_info    0x00005938      0x896 Drivers\STM32F4xx_HAL_Driver\Src\stm32f4xx_hal_rcc.o
 .debug_info    0x000061ce      0x70a Drivers\STM32F4xx_HAL_Driver\Src\stm32f4xx_hal_gpio.o
 .debug_info    0x000068d8      0x8c8 Drivers\STM32F4xx_HAL_Driver\Src\stm32f4xx_hal_dma.o
 .debug_info    0x000071a0      0xdc7 Drivers\STM32F4xx_HAL_Driver\Src\stm32f4xx_hal_cortex.o
 .debug_info    0x00007f67      0x93d Drivers\STM32F4xx_HAL_Driver\Src\stm32f4xx_hal.o

.debug_abbrev   0x00000000     0x1686
 .debug_abbrev  0x00000000       0x12 startup\startup_stm32f429xx.o
 .debug_abbrev  0x00000012      0x101 Src\system_stm32f4xx.o
 .debug_abbrev  0x00000113      0x129 Src\stm32f4xx_it.o
 .debug_abbrev  0x0000023c      0x1b8 Src\stm32f4xx_hal_msp.o
 .debug_abbrev  0x000003f4      0x207 Src\main.o
 .debug_abbrev  0x000005fb      0x209 Src\UartRingbuffer.o
 .debug_abbrev  0x00000804      0x1f7 Drivers\STM32F4xx_HAL_Driver\Src\stm32f4xx_hal_uart.o
 .debug_abbrev  0x000009fb      0x206 Drivers\STM32F4xx_HAL_Driver\Src\stm32f4xx_hal_spi.o
 .debug_abbrev  0x00000c01      0x23e Drivers\STM32F4xx_HAL_Driver\Src\stm32f4xx_hal_rcc.o
 .debug_abbrev  0x00000e3f      0x1aa Drivers\STM32F4xx_HAL_Driver\Src\stm32f4xx_hal_gpio.o
 .debug_abbrev  0x00000fe9      0x224 Drivers\STM32F4xx_HAL_Driver\Src\stm32f4xx_hal_dma.o
 .debug_abbrev  0x0000120d      0x2be Drivers\STM32F4xx_HAL_Driver\Src\stm32f4xx_hal_cortex.o
 .debug_abbrev  0x000014cb      0x1bb Drivers\STM32F4xx_HAL_Driver\Src\stm32f4xx_hal.o

.debug_aranges  0x00000000      0x8f8
 .debug_aranges
                0x00000000       0x28 startup\startup_stm32f429xx.o
 .debug_aranges
                0x00000028       0x28 Src\system_stm32f4xx.o
 .debug_aranges
                0x00000050       0x70 Src\stm32f4xx_it.o
 .debug_aranges
                0x000000c0       0x40 Src\stm32f4xx_hal_msp.o
 .debug_aranges
                0x00000100       0x60 Src\main.o
 .debug_aranges
                0x00000160       0x70 Src\UartRingbuffer.o
 .debug_aranges
                0x000001d0      0x1d0 Drivers\STM32F4xx_HAL_Driver\Src\stm32f4xx_hal_uart.o
 .debug_aranges
                0x000003a0      0x1d0 Drivers\STM32F4xx_HAL_Driver\Src\stm32f4xx_hal_spi.o
 .debug_aranges
                0x00000570       0x88 Drivers\STM32F4xx_HAL_Driver\Src\stm32f4xx_hal_rcc.o
 .debug_aranges
                0x000005f8       0x58 Drivers\STM32F4xx_HAL_Driver\Src\stm32f4xx_hal_gpio.o
 .debug_aranges
                0x00000650       0x90 Drivers\STM32F4xx_HAL_Driver\Src\stm32f4xx_hal_dma.o
 .debug_aranges
                0x000006e0      0x118 Drivers\STM32F4xx_HAL_Driver\Src\stm32f4xx_hal_cortex.o
 .debug_aranges
                0x000007f8      0x100 Drivers\STM32F4xx_HAL_Driver\Src\stm32f4xx_hal.o

.debug_ranges   0x00000000      0x830
 .debug_ranges  0x00000000       0x20 startup\startup_stm32f429xx.o
 .debug_ranges  0x00000020       0x18 Src\system_stm32f4xx.o
 .debug_ranges  0x00000038       0x60 Src\stm32f4xx_it.o
 .debug_ranges  0x00000098       0x30 Src\stm32f4xx_hal_msp.o
 .debug_ranges  0x000000c8       0x50 Src\main.o
 .debug_ranges  0x00000118       0x60 Src\UartRingbuffer.o
 .debug_ranges  0x00000178      0x1c0 Drivers\STM32F4xx_HAL_Driver\Src\stm32f4xx_hal_uart.o
 .debug_ranges  0x00000338      0x1c0 Drivers\STM32F4xx_HAL_Driver\Src\stm32f4xx_hal_spi.o
 .debug_ranges  0x000004f8       0x78 Drivers\STM32F4xx_HAL_Driver\Src\stm32f4xx_hal_rcc.o
 .debug_ranges  0x00000570       0x48 Drivers\STM32F4xx_HAL_Driver\Src\stm32f4xx_hal_gpio.o
 .debug_ranges  0x000005b8       0x80 Drivers\STM32F4xx_HAL_Driver\Src\stm32f4xx_hal_dma.o
 .debug_ranges  0x00000638      0x108 Drivers\STM32F4xx_HAL_Driver\Src\stm32f4xx_hal_cortex.o
 .debug_ranges  0x00000740       0xf0 Drivers\STM32F4xx_HAL_Driver\Src\stm32f4xx_hal.o

.debug_str      0x00000000     0x2ae3
 .debug_str     0x00000000      0x354 Src\system_stm32f4xx.o
                                0x3a6 (size before relaxing)
 .debug_str     0x00000354      0x4b6 Src\stm32f4xx_it.o
                                0x6ca (size before relaxing)
 .debug_str     0x0000080a      0x7cf Src\stm32f4xx_hal_msp.o
                                0xee3 (size before relaxing)
 .debug_str     0x00000fd9      0x1cc Src\main.o
                                0xfdb (size before relaxing)
 .debug_str     0x000011a5       0xfa Src\UartRingbuffer.o
                                0x710 (size before relaxing)
 .debug_str     0x0000129f      0x539 Drivers\STM32F4xx_HAL_Driver\Src\stm32f4xx_hal_uart.o
                                0xbb4 (size before relaxing)
 .debug_str     0x000017d8      0x4f5 Drivers\STM32F4xx_HAL_Driver\Src\stm32f4xx_hal_spi.o
                                0xbc0 (size before relaxing)
 .debug_str     0x00001ccd      0x1d5 Drivers\STM32F4xx_HAL_Driver\Src\stm32f4xx_hal_rcc.o
                                0x6ee (size before relaxing)
 .debug_str     0x00001ea2      0x174 Drivers\STM32F4xx_HAL_Driver\Src\stm32f4xx_hal_gpio.o
                                0x516 (size before relaxing)
 .debug_str     0x00002016      0x30e Drivers\STM32F4xx_HAL_Driver\Src\stm32f4xx_hal_dma.o
                                0x78d (size before relaxing)
 .debug_str     0x00002324      0x4b6 Drivers\STM32F4xx_HAL_Driver\Src\stm32f4xx_hal_cortex.o
                                0xca1 (size before relaxing)
 .debug_str     0x000027da      0x309 Drivers\STM32F4xx_HAL_Driver\Src\stm32f4xx_hal.o
                                0xbdd (size before relaxing)

.comment        0x00000000       0x82
 .comment       0x00000000       0x82 Src\system_stm32f4xx.o
                                 0x83 (size before relaxing)
 .comment       0x00000000       0x83 Src\stm32f4xx_it.o
 .comment       0x00000000       0x83 Src\stm32f4xx_hal_msp.o
 .comment       0x00000000       0x83 Src\main.o
 .comment       0x00000000       0x83 Src\UartRingbuffer.o
 .comment       0x00000000       0x83 Drivers\STM32F4xx_HAL_Driver\Src\stm32f4xx_hal_uart.o
 .comment       0x00000000       0x83 Drivers\STM32F4xx_HAL_Driver\Src\stm32f4xx_hal_spi.o
 .comment       0x00000000       0x83 Drivers\STM32F4xx_HAL_Driver\Src\stm32f4xx_hal_rcc.o
 .comment       0x00000000       0x83 Drivers\STM32F4xx_HAL_Driver\Src\stm32f4xx_hal_gpio.o
 .comment       0x00000000       0x83 Drivers\STM32F4xx_HAL_Driver\Src\stm32f4xx_hal_dma.o
 .comment       0x00000000       0x83 Drivers\STM32F4xx_HAL_Driver\Src\stm32f4xx_hal_cortex.o
 .comment       0x00000000       0x83 Drivers\STM32F4xx_HAL_Driver\Src\stm32f4xx_hal.o

.debug_frame    0x00000000     0x1d90
 .debug_frame   0x00000000       0x44 Src\system_stm32f4xx.o
 .debug_frame   0x00000044      0x124 Src\stm32f4xx_it.o
 .debug_frame   0x00000168       0xac Src\stm32f4xx_hal_msp.o
 .debug_frame   0x00000214      0x110 Src\main.o
 .debug_frame   0x00000324      0x154 Src\UartRingbuffer.o
 .debug_frame   0x00000478      0x694 Drivers\STM32F4xx_HAL_Driver\Src\stm32f4xx_hal_uart.o
 .debug_frame   0x00000b0c      0x6a8 Drivers\STM32F4xx_HAL_Driver\Src\stm32f4xx_hal_spi.o
 .debug_frame   0x000011b4      0x1a0 Drivers\STM32F4xx_HAL_Driver\Src\stm32f4xx_hal_rcc.o
 .debug_frame   0x00001354       0xf4 Drivers\STM32F4xx_HAL_Driver\Src\stm32f4xx_hal_gpio.o
 .debug_frame   0x00001448      0x1d0 Drivers\STM32F4xx_HAL_Driver\Src\stm32f4xx_hal_dma.o
 .debug_frame   0x00001618      0x3ac Drivers\STM32F4xx_HAL_Driver\Src\stm32f4xx_hal_cortex.o
 .debug_frame   0x000019c4      0x2e8 Drivers\STM32F4xx_HAL_Driver\Src\stm32f4xx_hal.o
 .debug_frame   0x00001cac       0x2c c:/program files (x86)/atollic/truestudio for arm 5.4.0/armtools/bin/../lib/gcc/arm-atollic-eabi/4.8.3/../../../../arm-atollic-eabi/lib/armv7e-m/fpu\libc.a(lib_a-init.o)
 .debug_frame   0x00001cd8       0x50 c:/program files (x86)/atollic/truestudio for arm 5.4.0/armtools/bin/../lib/gcc/arm-atollic-eabi/4.8.3/armv7e-m/fpu\libgcc.a(bpabi.o)
 .debug_frame   0x00001d28       0x34 c:/program files (x86)/atollic/truestudio for arm 5.4.0/armtools/bin/../lib/gcc/arm-atollic-eabi/4.8.3/armv7e-m/fpu\libgcc.a(_divdi3.o)
 .debug_frame   0x00001d5c       0x34 c:/program files (x86)/atollic/truestudio for arm 5.4.0/armtools/bin/../lib/gcc/arm-atollic-eabi/4.8.3/armv7e-m/fpu\libgcc.a(_udivdi3.o)
