Archive member included because of file (symbol)

c:/program files (x86)/atollic/truestudio for arm 5.4.0/armtools/bin/../lib/gcc/arm-atollic-eabi/4.8.3/../../../../arm-atollic-eabi/lib/armv7e-m/fpu\libc_s.a(lib_a-init.o)
                              src\startup_stm32f429x.o (__libc_init_array)
c:/program files (x86)/atollic/truestudio for arm 5.4.0/armtools/bin/../lib/gcc/arm-atollic-eabi/4.8.3/../../../../arm-atollic-eabi/lib/armv7e-m/fpu\libc_s.a(lib_a-strlen.o)
                              src\tm_stm32f4_fonts.o (strlen)
c:/program files (x86)/atollic/truestudio for arm 5.4.0/armtools/bin/../lib/gcc/arm-atollic-eabi/4.8.3/../../../../arm-atollic-eabi/lib/armv7e-m/fpu\libc_s.a(lib_a-syscalls.o)
                              src\tiny_printf.o (_write)
c:/program files (x86)/atollic/truestudio for arm 5.4.0/armtools/bin/../lib/gcc/arm-atollic-eabi/4.8.3/../../../../arm-atollic-eabi/lib/armv7e-m/fpu\libc_s.a(lib_a-reent.o)
                              c:/program files (x86)/atollic/truestudio for arm 5.4.0/armtools/bin/../lib/gcc/arm-atollic-eabi/4.8.3/../../../../arm-atollic-eabi/lib/armv7e-m/fpu\libc_s.a(lib_a-syscalls.o) (errno)
c:/program files (x86)/atollic/truestudio for arm 5.4.0/armtools/bin/../lib/gcc/arm-atollic-eabi/4.8.3/../../../../arm-atollic-eabi/lib/armv7e-m/fpu\libc_s.a(lib_a-impure.o)
                              c:/program files (x86)/atollic/truestudio for arm 5.4.0/armtools/bin/../lib/gcc/arm-atollic-eabi/4.8.3/../../../../arm-atollic-eabi/lib/armv7e-m/fpu\libc_s.a(lib_a-reent.o) (_impure_ptr)
c:/program files (x86)/atollic/truestudio for arm 5.4.0/armtools/bin/../lib/gcc/arm-atollic-eabi/4.8.3/../../../../arm-atollic-eabi/lib/armv7e-m/fpu\libc_s.a(lib_a-nano-freer.o)
                              c:/program files (x86)/atollic/truestudio for arm 5.4.0/armtools/bin/../lib/gcc/arm-atollic-eabi/4.8.3/../../../../arm-atollic-eabi/lib/armv7e-m/fpu\libc_s.a(lib_a-reent.o) (_free_r)
c:/program files (x86)/atollic/truestudio for arm 5.4.0/armtools/bin/../lib/gcc/arm-atollic-eabi/4.8.3/../../../../arm-atollic-eabi/lib/armv7e-m/fpu\libc_s.a(lib_a-nano-mallocr.o)
                              c:/program files (x86)/atollic/truestudio for arm 5.4.0/armtools/bin/../lib/gcc/arm-atollic-eabi/4.8.3/../../../../arm-atollic-eabi/lib/armv7e-m/fpu\libc_s.a(lib_a-nano-freer.o) (__malloc_free_list)
c:/program files (x86)/atollic/truestudio for arm 5.4.0/armtools/bin/../lib/gcc/arm-atollic-eabi/4.8.3/../../../../arm-atollic-eabi/lib/armv7e-m/fpu\libc_s.a(lib_a-sbrkr.o)
                              c:/program files (x86)/atollic/truestudio for arm 5.4.0/armtools/bin/../lib/gcc/arm-atollic-eabi/4.8.3/../../../../arm-atollic-eabi/lib/armv7e-m/fpu\libc_s.a(lib_a-nano-mallocr.o) (_sbrk_r)

Allocating common symbols
Common symbol       size              file

SIZE_V              0x4               src\main.o
Conv_output         0xf00             src\main.o
errno               0x4               c:/program files (x86)/atollic/truestudio for arm 5.4.0/armtools/bin/../lib/gcc/arm-atollic-eabi/4.8.3/../../../../arm-atollic-eabi/lib/armv7e-m/fpu\libc_s.a(lib_a-reent.o)
temp12              0x1e00            src\main.o
ILI9341_x           0x2               src\tm_stm32f4_ili9341.o
temp5               0x20              src\main.o
RX                  0x1e00            src\main.o
state               0x4               src\main.o
table               0x4               src\main.o
temp6               0x1e0             src\main.o
temp1               0x1e              src\main.o
buffer2             0x4               src\main.o
temp0               0x40              src\main.o
buffer              0x6               src\main.o
ILI9341_Opts        0x6               src\tm_stm32f4_ili9341.o
temp11              0x40              src\main.o
hold3               0x4               src\main.o
temp9               0x3c0             src\main.o
hold1               0x40              src\main.o
rx_data             0x3               src\main.o
error               0x4               src\main.o
TO_Decoder          0x6               src\main.o
Output_Data2        0x3c0             src\main.o
ILI9341_y           0x2               src\tm_stm32f4_ili9341.o
Out_Data            0x4               src\main.o
Output_Data         0x3c4             src\main.o
temp10              0x40              src\main.o
Out_Data2           0x38              src\main.o
hold2               0x40              src\main.o
eptr                0x4               src\main.o

Discarded input sections

 .text          0x00000000        0x0 c:/program files (x86)/atollic/truestudio for arm 5.4.0/armtools/bin/../lib/gcc/arm-atollic-eabi/4.8.3/armv7e-m/fpu/crti.o
 .data          0x00000000        0x0 c:/program files (x86)/atollic/truestudio for arm 5.4.0/armtools/bin/../lib/gcc/arm-atollic-eabi/4.8.3/armv7e-m/fpu/crti.o
[...]
Memory Configuration

Name             Origin             Length             Attributes
FLASH            0x08000000         0x00200000         xr
RAM              0x20000000         0x00030000         xrw
MEMORY_B1        0x60000000         0x00000000         xr
CCMRAM           0x10000000         0x00010000         rw
*default*        0x00000000         0xffffffff

Linker script and memory map

LOAD c:/program files (x86)/atollic/truestudio for arm 5.4.0/armtools/bin/../lib/gcc/arm-atollic-eabi/4.8.3/armv7e-m/fpu/crti.o
LOAD c:/program files (x86)/atollic/truestudio for arm 5.4.0/armtools/bin/../lib/gcc/arm-atollic-eabi/4.8.3/armv7e-m/fpu/crtbegin.o
LOAD src\tm_stm32f4_spi_dma.o
LOAD src\tm_stm32f4_spi.o
LOAD src\tm_stm32f4_ili9341.o
LOAD src\tm_stm32f4_gpio.o
LOAD src\tm_stm32f4_fonts.o
LOAD src\tm_stm32f4_dma.o
LOAD src\tiny_printf.o
LOAD src\system_stm32f4xx.o
LOAD src\stm32f4xx_it.o
LOAD src\startup_stm32f429x.o
LOAD src\main.o
LOAD src\itoa.o
LOAD src\Viterbi.o
LOAD src\NRZ.o
LOAD src\Decoder.o
LOAD Libraries\STM32F4xx_StdPeriph_Driver\src\stm32f4xx_wwdg.o
LOAD Libraries\STM32F4xx_StdPeriph_Driver\src\stm32f4xx_usart.o
LOAD Libraries\STM32F4xx_StdPeriph_Driver\src\stm32f4xx_tim.o
LOAD Libraries\STM32F4xx_StdPeriph_Driver\src\stm32f4xx_syscfg.o
LOAD Libraries\STM32F4xx_StdPeriph_Driver\src\stm32f4xx_spi.o
LOAD Libraries\STM32F4xx_StdPeriph_Driver\src\stm32f4xx_sdio.o
LOAD Libraries\STM32F4xx_StdPeriph_Driver\src\stm32f4xx_sai.o
LOAD Libraries\STM32F4xx_StdPeriph_Driver\src\stm32f4xx_rtc.o
LOAD Libraries\STM32F4xx_StdPeriph_Driver\src\stm32f4xx_rng.o
LOAD Libraries\STM32F4xx_StdPeriph_Driver\src\stm32f4xx_rcc.o
LOAD Libraries\STM32F4xx_StdPeriph_Driver\src\stm32f4xx_pwr.o
LOAD Libraries\STM32F4xx_StdPeriph_Driver\src\stm32f4xx_ltdc.o
LOAD Libraries\STM32F4xx_StdPeriph_Driver\src\stm32f4xx_iwdg.o
LOAD Libraries\STM32F4xx_StdPeriph_Driver\src\stm32f4xx_i2c.o
LOAD Libraries\STM32F4xx_StdPeriph_Driver\src\stm32f4xx_hash_sha1.o
LOAD Libraries\STM32F4xx_StdPeriph_Driver\src\stm32f4xx_hash_md5.o
LOAD Libraries\STM32F4xx_StdPeriph_Driver\src\stm32f4xx_hash.o
LOAD Libraries\STM32F4xx_StdPeriph_Driver\src\stm32f4xx_gpio.o
LOAD Libraries\STM32F4xx_StdPeriph_Driver\src\stm32f4xx_fmc.o
LOAD Libraries\STM32F4xx_StdPeriph_Driver\src\stm32f4xx_flash.o
LOAD Libraries\STM32F4xx_StdPeriph_Driver\src\stm32f4xx_exti.o
LOAD Libraries\STM32F4xx_StdPeriph_Driver\src\stm32f4xx_dma2d.o
LOAD Libraries\STM32F4xx_StdPeriph_Driver\src\stm32f4xx_dma.o
LOAD Libraries\STM32F4xx_StdPeriph_Driver\src\stm32f4xx_dcmi.o
LOAD Libraries\STM32F4xx_StdPeriph_Driver\src\stm32f4xx_dbgmcu.o
LOAD Libraries\STM32F4xx_StdPeriph_Driver\src\stm32f4xx_dac.o
LOAD Libraries\STM32F4xx_StdPeriph_Driver\src\stm32f4xx_cryp_tdes.o
LOAD Libraries\STM32F4xx_StdPeriph_Driver\src\stm32f4xx_cryp_des.o
LOAD Libraries\STM32F4xx_StdPeriph_Driver\src\stm32f4xx_cryp_aes.o
LOAD Libraries\STM32F4xx_StdPeriph_Driver\src\stm32f4xx_cryp.o
LOAD Libraries\STM32F4xx_StdPeriph_Driver\src\stm32f4xx_crc.o
LOAD Libraries\STM32F4xx_StdPeriph_Driver\src\stm32f4xx_can.o
LOAD Libraries\STM32F4xx_StdPeriph_Driver\src\stm32f4xx_adc.o
LOAD Libraries\STM32F4xx_StdPeriph_Driver\src\misc.o
START GROUP
LOAD c:/program files (x86)/atollic/truestudio for arm 5.4.0/armtools/bin/../lib/gcc/arm-atollic-eabi/4.8.3/../../../../arm-atollic-eabi/lib/armv7e-m/fpu\libc_s.a
LOAD c:/program files (x86)/atollic/truestudio for arm 5.4.0/armtools/bin/../lib/gcc/arm-atollic-eabi/4.8.3/../../../../arm-atollic-eabi/lib/armv7e-m/fpu\libm.a
END GROUP
                0x00001000                malloc_getpagesize_P = 0x1000
START GROUP
LOAD c:/program files (x86)/atollic/truestudio for arm 5.4.0/armtools/bin/../lib/gcc/arm-atollic-eabi/4.8.3/armv7e-m/fpu\libgcc.a
LOAD c:/program files (x86)/atollic/truestudio for arm 5.4.0/armtools/bin/../lib/gcc/arm-atollic-eabi/4.8.3/../../../../arm-atollic-eabi/lib/armv7e-m/fpu\libc.a
END GROUP
LOAD c:/program files (x86)/atollic/truestudio for arm 5.4.0/armtools/bin/../lib/gcc/arm-atollic-eabi/4.8.3/armv7e-m/fpu/crtend.o
LOAD c:/program files (x86)/atollic/truestudio for arm 5.4.0/armtools/bin/../lib/gcc/arm-atollic-eabi/4.8.3/armv7e-m/fpu/crtn.o
                0x20030000                _estack = 0x20030000
                0x00000000                _Min_Heap_Size = 0x0
                0x00000400                _Min_Stack_Size = 0x400

.isr_vector     0x08000000      0x1ac
                0x08000000                . = ALIGN (0x4)
 *(.isr_vector)
 .isr_vector    0x08000000      0x1ac src\startup_stm32f429x.o
                0x08000000                g_pfnVectors
                0x080001ac                . = ALIGN (0x4)

.text           0x080001ac     0x46c4
                0x080001ac                . = ALIGN (0x4)
 *(.text)
 .text          0x080001ac       0x40 c:/program files (x86)/atollic/truestudio for arm 5.4.0/armtools/bin/../lib/gcc/arm-atollic-eabi/4.8.3/armv7e-m/fpu/crtbegin.o
 *(.text*)
 .text.TM_SPI_DMA_Init
                0x080001ec       0xa0 src\tm_stm32f4_spi_dma.o
                0x080001ec                TM_SPI_DMA_Init
 .text.TM_SPI_DMA_SendHalfWord
                0x0800028c       0xb0 src\tm_stm32f4_spi_dma.o
                0x0800028c                TM_SPI_DMA_SendHalfWord
 .text.TM_SPI_DMA_Working
                0x0800033c       0x50 src\tm_stm32f4_spi_dma.o
                0x0800033c                TM_SPI_DMA_Working
 .text.TM_SPI_DMA_INT_GetSettings
                0x0800038c       0x90 src\tm_stm32f4_spi_dma.o
 .text.TM_SPI_Init
                0x0800041c       0xec src\tm_stm32f4_spi.o
                0x0800041c                TM_SPI_Init
 .text.TM_SPI_SetDataSize
                0x08000508       0x78 src\tm_stm32f4_spi.o
                0x08000508                TM_SPI_SetDataSize
 .text.TM_SPI_InitCustomPinsCallback
                0x08000580       0x18 src\tm_stm32f4_spi.o
                0x08000580                TM_SPI_InitCustomPinsCallback
 .text.TM_SPIx_Init
                0x08000598      0x17c src\tm_stm32f4_spi.o
 .text.TM_SPI1_INT_InitPins
                0x08000714       0x60 src\tm_stm32f4_spi.o
                0x08000714                TM_SPI1_INT_InitPins
 .text.TM_SPI2_INT_InitPins
                0x08000774       0x94 src\tm_stm32f4_spi.o
                0x08000774                TM_SPI2_INT_InitPins
 .text.TM_SPI3_INT_InitPins
                0x08000808       0x60 src\tm_stm32f4_spi.o
                0x08000808                TM_SPI3_INT_InitPins
 .text.TM_SPI4_INT_InitPins
                0x08000868       0x5c src\tm_stm32f4_spi.o
                0x08000868                TM_SPI4_INT_InitPins
 .text.TM_SPI5_INT_InitPins
                0x080008c4       0x78 src\tm_stm32f4_spi.o
                0x080008c4                TM_SPI5_INT_InitPins
 .text.TM_SPI6_INT_InitPins
                0x0800093c       0x44 src\tm_stm32f4_spi.o
                0x0800093c                TM_SPI6_INT_InitPins
 .text.TM_SPI_Send
                0x08000980       0x78 src\tm_stm32f4_ili9341.o
 .text.TM_ILI9341_Init
                0x080009f8       0xa8 src\tm_stm32f4_ili9341.o
                0x080009f8                TM_ILI9341_Init
 .text.TM_ILI9341_InitLCD
                0x08000aa0      0x274 src\tm_stm32f4_ili9341.o
                0x08000aa0                TM_ILI9341_InitLCD
 .text.TM_ILI9341_SendCommand
                0x08000d14       0x40 src\tm_stm32f4_ili9341.o
                0x08000d14                TM_ILI9341_SendCommand
 .text.TM_ILI9341_SendData
                0x08000d54       0x40 src\tm_stm32f4_ili9341.o
                0x08000d54                TM_ILI9341_SendData
 .text.TM_ILI9341_SetCursorPosition
                0x08000d94       0x80 src\tm_stm32f4_ili9341.o
                0x08000d94                TM_ILI9341_SetCursorPosition
 .text.TM_ILI9341_Fill
                0x08000e14       0x2c src\tm_stm32f4_ili9341.o
                0x08000e14                TM_ILI9341_Fill
 .text.TM_ILI9341_INT_Fill
                0x08000e40       0xc4 src\tm_stm32f4_ili9341.o
                0x08000e40                TM_ILI9341_INT_Fill
 .text.TM_ILI9341_Delay
                0x08000f04       0x20 src\tm_stm32f4_ili9341.o
                0x08000f04                TM_ILI9341_Delay
 .text.TM_ILI9341_Rotate
                0x08000f24       0x88 src\tm_stm32f4_ili9341.o
                0x08000f24                TM_ILI9341_Rotate
 .text.TM_GPIO_Init
                0x08000fac       0x38 src\tm_stm32f4_gpio.o
                0x08000fac                TM_GPIO_Init
 .text.TM_GPIO_InitAlternate
                0x08000fe4       0x98 src\tm_stm32f4_gpio.o
                0x08000fe4                TM_GPIO_InitAlternate
 .text.TM_GPIO_GetPortSource
                0x0800107c       0x24 src\tm_stm32f4_gpio.o
                0x0800107c                TM_GPIO_GetPortSource
 .text.TM_GPIO_INT_EnableClock
                0x080010a0       0x2c src\tm_stm32f4_gpio.o
                0x080010a0                TM_GPIO_INT_EnableClock
 .text.TM_GPIO_INT_Init
                0x080010cc       0xfc src\tm_stm32f4_gpio.o
                0x080010cc                TM_GPIO_INT_Init
 .text.TM_DMA_ClearFlag
                0x080011c8       0x8c src\tm_stm32f4_dma.o
                0x080011c8                TM_DMA_ClearFlag
 .text.TM_DMA_GetFlags
                0x08001254       0xa4 src\tm_stm32f4_dma.o
                0x08001254                TM_DMA_GetFlags
 .text.TM_DMA_TransferCompleteHandler
                0x080012f8       0x14 src\tm_stm32f4_dma.o
                0x080012f8                TM_DMA_TransferCompleteHandler
 .text.TM_DMA_HalfTransferCompleteHandler
                0x0800130c       0x14 src\tm_stm32f4_dma.o
                0x0800130c                TM_DMA_HalfTransferCompleteHandler
 .text.TM_DMA_TransferErrorHandler
                0x08001320       0x14 src\tm_stm32f4_dma.o
                0x08001320                TM_DMA_TransferErrorHandler
 .text.TM_DMA_DirectModeErrorHandler
                0x08001334       0x14 src\tm_stm32f4_dma.o
                0x08001334                TM_DMA_DirectModeErrorHandler
 .text.TM_DMA_FIFOErrorHandler
                0x08001348       0x14 src\tm_stm32f4_dma.o
                0x08001348                TM_DMA_FIFOErrorHandler
 .text.TM_DMA_INT_ProcessInterrupt
                0x0800135c       0xb0 src\tm_stm32f4_dma.o
 .text.DMA1_Stream0_IRQHandler
                0x0800140c       0x10 src\tm_stm32f4_dma.o
                0x0800140c                DMA1_Stream0_IRQHandler
 .text.DMA1_Stream1_IRQHandler
                0x0800141c       0x10 src\tm_stm32f4_dma.o
                0x0800141c                DMA1_Stream1_IRQHandler
 .text.DMA1_Stream2_IRQHandler
                0x0800142c       0x10 src\tm_stm32f4_dma.o
                0x0800142c                DMA1_Stream2_IRQHandler
 .text.DMA1_Stream3_IRQHandler
                0x0800143c       0x10 src\tm_stm32f4_dma.o
                0x0800143c                DMA1_Stream3_IRQHandler
 .text.DMA1_Stream4_IRQHandler
                0x0800144c       0x10 src\tm_stm32f4_dma.o
                0x0800144c                DMA1_Stream4_IRQHandler
 .text.DMA1_Stream5_IRQHandler
                0x0800145c       0x10 src\tm_stm32f4_dma.o
                0x0800145c                DMA1_Stream5_IRQHandler
 .text.DMA1_Stream6_IRQHandler
                0x0800146c       0x10 src\tm_stm32f4_dma.o
                0x0800146c                DMA1_Stream6_IRQHandler
 .text.DMA1_Stream7_IRQHandler
                0x0800147c       0x10 src\tm_stm32f4_dma.o
                0x0800147c                DMA1_Stream7_IRQHandler
 .text.DMA2_Stream0_IRQHandler
                0x0800148c       0x10 src\tm_stm32f4_dma.o
                0x0800148c                DMA2_Stream0_IRQHandler
 .text.DMA2_Stream1_IRQHandler
                0x0800149c       0x10 src\tm_stm32f4_dma.o
                0x0800149c                DMA2_Stream1_IRQHandler
 .text.DMA2_Stream2_IRQHandler
                0x080014ac       0x10 src\tm_stm32f4_dma.o
                0x080014ac                DMA2_Stream2_IRQHandler
 .text.DMA2_Stream3_IRQHandler
                0x080014bc       0x10 src\tm_stm32f4_dma.o
                0x080014bc                DMA2_Stream3_IRQHandler
 .text.DMA2_Stream4_IRQHandler
                0x080014cc       0x10 src\tm_stm32f4_dma.o
                0x080014cc                DMA2_Stream4_IRQHandler
 .text.DMA2_Stream5_IRQHandler
                0x080014dc       0x10 src\tm_stm32f4_dma.o
                0x080014dc                DMA2_Stream5_IRQHandler
 .text.DMA2_Stream6_IRQHandler
                0x080014ec       0x10 src\tm_stm32f4_dma.o
                0x080014ec                DMA2_Stream6_IRQHandler
 .text.DMA2_Stream7_IRQHandler
                0x080014fc       0x10 src\tm_stm32f4_dma.o
                0x080014fc                DMA2_Stream7_IRQHandler
 .text.SystemInit
                0x0800150c       0x68 src\system_stm32f4xx.o
                0x0800150c                SystemInit
 .text.SetSysClock
                0x08001574       0xf4 src\system_stm32f4xx.o
 .text.NMI_Handler
                0x08001668        0xc src\stm32f4xx_it.o
                0x08001668                NMI_Handler
 .text.HardFault_Handler
                0x08001674        0x8 src\stm32f4xx_it.o
                0x08001674                HardFault_Handler
 .text.MemManage_Handler
                0x0800167c        0x8 src\stm32f4xx_it.o
                0x0800167c                MemManage_Handler
 .text.BusFault_Handler
                0x08001684        0x8 src\stm32f4xx_it.o
                0x08001684                BusFault_Handler
 .text.UsageFault_Handler
                0x0800168c        0x8 src\stm32f4xx_it.o
                0x0800168c                UsageFault_Handler
 .text.SVC_Handler
                0x08001694        0xc src\stm32f4xx_it.o
                0x08001694                SVC_Handler
 .text.DebugMon_Handler
                0x080016a0        0xc src\stm32f4xx_it.o
                0x080016a0                DebugMon_Handler
 .text.PendSV_Handler
                0x080016ac        0xc src\stm32f4xx_it.o
                0x080016ac                PendSV_Handler
 .text.SysTick_Handler
                0x080016b8        0xc src\stm32f4xx_it.o
                0x080016b8                SysTick_Handler
 .text.Reset_Handler
                0x080016c4       0x58 src\startup_stm32f429x.o
                0x080016c4                Reset_Handler
 .text.Default_Handler
                0x0800171c        0x4 src\startup_stm32f429x.o
                0x0800171c                RTC_Alarm_IRQHandler
                0x0800171c                HASH_RNG_IRQHandler
                0x0800171c                EXTI2_IRQHandler
                0x0800171c                TIM8_CC_IRQHandler
                0x0800171c                UART8_IRQHandler
                0x0800171c                SPI4_IRQHandler
                0x0800171c                TIM1_CC_IRQHandler
                0x0800171c                PVD_IRQHandler
                0x0800171c                SDIO_IRQHandler
                0x0800171c                TAMP_STAMP_IRQHandler
                0x0800171c                CAN2_RX1_IRQHandler
                0x0800171c                EXTI3_IRQHandler
                0x0800171c                TIM8_TRG_COM_TIM14_IRQHandler
                0x0800171c                TIM1_UP_TIM10_IRQHandler
                0x0800171c                TIM8_UP_TIM13_IRQHandler
                0x0800171c                I2C3_ER_IRQHandler
                0x0800171c                EXTI0_IRQHandler
                0x0800171c                I2C2_EV_IRQHandler
                0x0800171c                CAN1_RX0_IRQHandler
                0x0800171c                FPU_IRQHandler
                0x0800171c                OTG_HS_WKUP_IRQHandler
                0x0800171c                LTDC_ER_IRQHandler
                0x0800171c                CAN2_SCE_IRQHandler
                0x0800171c                SPI1_IRQHandler
                0x0800171c                TIM6_DAC_IRQHandler
                0x0800171c                TIM1_BRK_TIM9_IRQHandler
                0x0800171c                DCMI_IRQHandler
                0x0800171c                CAN2_RX0_IRQHandler
                0x0800171c                USART6_IRQHandler
                0x0800171c                USART3_IRQHandler
                0x0800171c                CRYP_IRQHandler
                0x0800171c                CAN1_RX1_IRQHandler
                0x0800171c                UART5_IRQHandler
                0x0800171c                TIM4_IRQHandler
                0x0800171c                I2C1_EV_IRQHandler
                0x0800171c                UART4_IRQHandler
                0x0800171c                TIM3_IRQHandler
                0x0800171c                RCC_IRQHandler
                0x0800171c                TIM8_BRK_TIM12_IRQHandler
                0x0800171c                Default_Handler
                0x0800171c                EXTI15_10_IRQHandler
                0x0800171c                ADC_IRQHandler
                0x0800171c                SPI5_IRQHandler
                0x0800171c                TIM7_IRQHandler
                0x0800171c                CAN2_TX_IRQHandler
                0x0800171c                TIM5_IRQHandler
                0x0800171c                I2C3_EV_IRQHandler
                0x0800171c                EXTI9_5_IRQHandler
                0x0800171c                RTC_WKUP_IRQHandler
                0x0800171c                LTDC_IRQHandler
                0x0800171c                ETH_WKUP_IRQHandler
                0x0800171c                SPI2_IRQHandler
                0x0800171c                OTG_HS_EP1_IN_IRQHandler
                0x0800171c                CAN1_TX_IRQHandler
                0x0800171c                EXTI4_IRQHandler
                0x0800171c                ETH_IRQHandler
                0x0800171c                OTG_HS_EP1_OUT_IRQHandler
                0x0800171c                WWDG_IRQHandler
                0x0800171c                SPI6_IRQHandler
                0x0800171c                TIM2_IRQHandler
                0x0800171c                OTG_FS_WKUP_IRQHandler
                0x0800171c                TIM1_TRG_COM_TIM11_IRQHandler
                0x0800171c                OTG_HS_IRQHandler
                0x0800171c                DMA2D_IRQHandler
                0x0800171c                EXTI1_IRQHandler
                0x0800171c                UART7_IRQHandler
                0x0800171c                USART2_IRQHandler
                0x0800171c                I2C2_ER_IRQHandler
                0x0800171c                CAN1_SCE_IRQHandler
                0x0800171c                FLASH_IRQHandler
                0x0800171c                USART1_IRQHandler
                0x0800171c                OTG_FS_IRQHandler
                0x0800171c                SPI3_IRQHandler
                0x0800171c                I2C1_ER_IRQHandler
                0x0800171c                FMC_IRQHandler
                0x0800171c                SAI1_IRQHandler
 .text.main     0x08001720      0x3a0 src\main.o
                0x08001720                main
 .text.GPIO_Configuration
                0x08001ac0       0x38 src\main.o
                0x08001ac0                GPIO_Configuration
 .text.USART_Config
                0x08001af8       0x88 src\main.o
                0x08001af8                USART_Config
 .text.SPI_Config
                0x08001b80       0x9c src\main.o
 .text.USART_PutChar
                0x08001c1c       0x30 src\main.o
                0x08001c1c                USART_PutChar
 .text.USART_PutString
                0x08001c4c       0x28 src\main.o
                0x08001c4c                USART_PutString
 .text.To_String
                0x08001c74       0x80 src\main.o
                0x08001c74                To_String
 .text.bin_to_dec
                0x08001cf4       0x48 src\main.o
                0x08001cf4                bin_to_dec
 .text.int_to_bin_digit
                0x08001d3c       0x58 src\Viterbi.o
                0x08001d3c                int_to_bin_digit
 .text.Viterbi  0x08001d94     0x1bf4 src\Viterbi.o
                0x08001d94                Viterbi
 .text.NRZ      0x08003988       0xb8 src\NRZ.o
                0x08003988                NRZ
 .text.TWO_and_Three
                0x08003a40       0xb8 src\Decoder.o
                0x08003a40                TWO_and_Three
 .text.Table_Detector
                0x08003af8       0x78 src\Decoder.o
                0x08003af8                Table_Detector
 .text.State_Detector
                0x08003b70       0xe4 src\Decoder.o
                0x08003b70                State_Detector
 .text.EFM_Decoder
                0x08003c54      0x3ec src\Decoder.o
                0x08003c54                EFM_Decoder
 .text.USART_Init
                0x08004040      0x174 Libraries\STM32F4xx_StdPeriph_Driver\src\stm32f4xx_usart.o
                0x08004040                USART_Init
 .text.USART_Cmd
                0x080041b4       0x40 Libraries\STM32F4xx_StdPeriph_Driver\src\stm32f4xx_usart.o
                0x080041b4                USART_Cmd
 .text.USART_SendData
                0x080041f4       0x24 Libraries\STM32F4xx_StdPeriph_Driver\src\stm32f4xx_usart.o
                0x080041f4                USART_SendData
 .text.USART_GetFlagStatus
                0x08004218       0x38 Libraries\STM32F4xx_StdPeriph_Driver\src\stm32f4xx_usart.o
                0x08004218                USART_GetFlagStatus
 .text.SPI_Init
                0x08004250       0x88 Libraries\STM32F4xx_StdPeriph_Driver\src\stm32f4xx_spi.o
                0x08004250                SPI_Init
 .text.SPI_StructInit
                0x080042d8       0x48 Libraries\STM32F4xx_StdPeriph_Driver\src\stm32f4xx_spi.o
                0x080042d8                SPI_StructInit
 .text.SPI_Cmd  0x08004320       0x40 Libraries\STM32F4xx_StdPeriph_Driver\src\stm32f4xx_spi.o
                0x08004320                SPI_Cmd
 .text.SPI_I2S_ReceiveData
                0x08004360       0x1c Libraries\STM32F4xx_StdPeriph_Driver\src\stm32f4xx_spi.o
                0x08004360                SPI_I2S_ReceiveData
 .text.SPI_I2S_GetFlagStatus
                0x0800437c       0x38 Libraries\STM32F4xx_StdPeriph_Driver\src\stm32f4xx_spi.o
                0x0800437c                SPI_I2S_GetFlagStatus
 .text.RCC_GetClocksFreq
                0x080043b4      0x154 Libraries\STM32F4xx_StdPeriph_Driver\src\stm32f4xx_rcc.o
                0x080043b4                RCC_GetClocksFreq
 .text.RCC_AHB1PeriphClockCmd
                0x08004508       0x3c Libraries\STM32F4xx_StdPeriph_Driver\src\stm32f4xx_rcc.o
                0x08004508                RCC_AHB1PeriphClockCmd
 .text.RCC_APB2PeriphClockCmd
                0x08004544       0x3c Libraries\STM32F4xx_StdPeriph_Driver\src\stm32f4xx_rcc.o
                0x08004544                RCC_APB2PeriphClockCmd
 .text.GPIO_Init
                0x08004580      0x11c Libraries\STM32F4xx_StdPeriph_Driver\src\stm32f4xx_gpio.o
                0x08004580                GPIO_Init
 .text.GPIO_SetBits
                0x0800469c       0x1c Libraries\STM32F4xx_StdPeriph_Driver\src\stm32f4xx_gpio.o
                0x0800469c                GPIO_SetBits
 .text.GPIO_ResetBits
                0x080046b8       0x1c Libraries\STM32F4xx_StdPeriph_Driver\src\stm32f4xx_gpio.o
                0x080046b8                GPIO_ResetBits
 .text.GPIO_PinAFConfig
                0x080046d4       0x8c Libraries\STM32F4xx_StdPeriph_Driver\src\stm32f4xx_gpio.o
                0x080046d4                GPIO_PinAFConfig
 .text.DMA_Init
                0x08004760       0xac Libraries\STM32F4xx_StdPeriph_Driver\src\stm32f4xx_dma.o
                0x08004760                DMA_Init
 .text.__libc_init_array
                0x0800480c       0x4c c:/program files (x86)/atollic/truestudio for arm 5.4.0/armtools/bin/../lib/gcc/arm-atollic-eabi/4.8.3/../../../../arm-atollic-eabi/lib/armv7e-m/fpu\libc_s.a(lib_a-init.o)
                0x0800480c                __libc_init_array
 *(.glue_7)
 .glue_7        0x00000000        0x0 linker stubs
 *(.glue_7t)
 .glue_7t       0x00000000        0x0 linker stubs
 *(.eh_frame)
 .eh_frame      0x08004858        0x0 c:/program files (x86)/atollic/truestudio for arm 5.4.0/armtools/bin/../lib/gcc/arm-atollic-eabi/4.8.3/armv7e-m/fpu/crtbegin.o
 *(.init)
 .init          0x08004858        0x4 c:/program files (x86)/atollic/truestudio for arm 5.4.0/armtools/bin/../lib/gcc/arm-atollic-eabi/4.8.3/armv7e-m/fpu/crti.o
                0x08004858                _init
 .init          0x0800485c        0x8 c:/program files (x86)/atollic/truestudio for arm 5.4.0/armtools/bin/../lib/gcc/arm-atollic-eabi/4.8.3/armv7e-m/fpu/crtn.o
 *(.fini)
 .fini          0x08004864        0x4 c:/program files (x86)/atollic/truestudio for arm 5.4.0/armtools/bin/../lib/gcc/arm-atollic-eabi/4.8.3/armv7e-m/fpu/crti.o
                0x08004864                _fini
 .fini          0x08004868        0x8 c:/program files (x86)/atollic/truestudio for arm 5.4.0/armtools/bin/../lib/gcc/arm-atollic-eabi/4.8.3/armv7e-m/fpu/crtn.o
                0x08004870                . = ALIGN (0x4)
                0x08004870                _etext = .

.vfp11_veneer   0x08004870        0x0
 .vfp11_veneer  0x00000000        0x0 linker stubs

.v4_bx          0x08004870        0x0
 .v4_bx         0x00000000        0x0 linker stubs

.iplt           0x08004870        0x0
 .iplt          0x00000000        0x0 c:/program files (x86)/atollic/truestudio for arm 5.4.0/armtools/bin/../lib/gcc/arm-atollic-eabi/4.8.3/armv7e-m/fpu/crtbegin.o

.rodata         0x08004870     0x1fa4
                0x08004870                . = ALIGN (0x4)
 *(.rodata)
 *(.rodata*)
 .rodata.DMA_Flags_Bit_Pos
                0x08004870        0x4 src\tm_stm32f4_dma.o
 .rodata.ToSate1Table1
                0x08004874      0x388 src\Decoder.o
 .rodata.ToSate2Table1
                0x08004bfc      0x230 src\Decoder.o
 .rodata.ToSate3Table1
                0x08004e2c      0x220 src\Decoder.o
 .rodata.ToSate4Table1
                0x0800504c       0x28 src\Decoder.o
 .rodata.ToSate1Table2
                0x08005074      0x3a0 src\Decoder.o
 .rodata.ToSate2Table2
                0x08005414      0x210 src\Decoder.o
 .rodata.ToSate3Table2
                0x08005624      0x208 src\Decoder.o
 .rodata.ToSate4Table2
                0x0800582c       0x48 src\Decoder.o
 .rodata.ToSate1Table3
                0x08005874      0x370 src\Decoder.o
 .rodata.ToSate2Table3
                0x08005be4      0x220 src\Decoder.o
 .rodata.ToSate3Table3
                0x08005e04      0x210 src\Decoder.o
 .rodata.ToSate1Table4
                0x08006014      0x388 src\Decoder.o
 .rodata.ToSate2Table4
                0x0800639c      0x200 src\Decoder.o
 .rodata.ToSate3Table4
                0x0800659c      0x1f0 src\Decoder.o
 .rodata.ToSate4Table4
                0x0800678c       0x88 src\Decoder.o
                0x08006814                . = ALIGN (0x4)

.rel.dyn        0x08006814        0x0
 .rel.iplt      0x00000000        0x0 c:/program files (x86)/atollic/truestudio for arm 5.4.0/armtools/bin/../lib/gcc/arm-atollic-eabi/4.8.3/armv7e-m/fpu/crtbegin.o

.ARM.extab
 *(.ARM.extab* .gnu.linkonce.armextab.*)

.ARM            0x08006814        0x0
                0x08006814                __exidx_start = .
 *(.ARM.exidx*)
                0x08006814                __exidx_end = .

.preinit_array  0x08006814        0x0
                0x08006814                PROVIDE (__preinit_array_start, .)
 *(.preinit_array*)
                0x08006814                PROVIDE (__preinit_array_end, .)

.init_array     0x08006814        0x4
                0x08006814                PROVIDE (__init_array_start, .)
 *(SORT(.init_array.*))
 *(.init_array*)
 .init_array    0x08006814        0x4 c:/program files (x86)/atollic/truestudio for arm 5.4.0/armtools/bin/../lib/gcc/arm-atollic-eabi/4.8.3/armv7e-m/fpu/crtbegin.o
                0x08006818                PROVIDE (__init_array_end, .)

.fini_array     0x08006818        0x4
                0x08006818                PROVIDE (__fini_array_start, .)
 *(SORT(.fini_array.*))
 *(.fini_array*)
 .fini_array    0x08006818        0x4 c:/program files (x86)/atollic/truestudio for arm 5.4.0/armtools/bin/../lib/gcc/arm-atollic-eabi/4.8.3/armv7e-m/fpu/crtbegin.o
                0x0800681c                PROVIDE (__fini_array_end, .)
                0x0800681c                _sidata = LOADADDR (.data)

.data           0x20000000       0xa0 load address 0x0800681c
                0x20000000                . = ALIGN (0x4)
                0x20000000                _sdata = .
 *(.data)
 *(.data*)
 .data.SPI1_DMA_INT
                0x20000000       0x18 src\tm_stm32f4_spi_dma.o
 .data.SPI2_DMA_INT
                0x20000018       0x18 src\tm_stm32f4_spi_dma.o
 .data.SPI3_DMA_INT
                0x20000030       0x18 src\tm_stm32f4_spi_dma.o
 .data.SPI4_DMA_INT
                0x20000048       0x18 src\tm_stm32f4_spi_dma.o
 .data.SPI5_DMA_INT
                0x20000060       0x18 src\tm_stm32f4_spi_dma.o
 .data.SPI6_DMA_INT
                0x20000078       0x18 src\tm_stm32f4_spi_dma.o
 .data.APBAHBPrescTable
                0x20000090       0x10 Libraries\STM32F4xx_StdPeriph_Driver\src\stm32f4xx_rcc.o
                0x200000a0                . = ALIGN (0x4)
                0x200000a0                _edata = .
                0x080068bc                _siccmram = LOADADDR (.ccmram)

.igot.plt       0x200000a0        0x0 load address 0x080068bc
 .igot.plt      0x00000000        0x0 c:/program files (x86)/atollic/truestudio for arm 5.4.0/armtools/bin/../lib/gcc/arm-atollic-eabi/4.8.3/armv7e-m/fpu/crtbegin.o

.ccmram         0x10000000        0x0 load address 0x080068bc
                0x10000000                . = ALIGN (0x4)
                0x10000000                _sccmram = .
 *(.ccmram)
 *(.ccmram*)
                0x10000000                . = ALIGN (0x4)
                0x10000000                _eccmram = .
                0x10000000                . = ALIGN (0x4)

.bss            0x200000a0     0x5a8c
                0x200000a0                _sbss = .
                0x200000a0                __bss_start__ = _sbss
 *(.bss)
 .bss           0x200000a0       0x1c c:/program files (x86)/atollic/truestudio for arm 5.4.0/armtools/bin/../lib/gcc/arm-atollic-eabi/4.8.3/armv7e-m/fpu/crtbegin.o
 *(.bss*)
 .bss.DMA_InitStruct
                0x200000bc       0x3c src\tm_stm32f4_spi_dma.o
 .bss.GPIO_UsedPins
                0x200000f8       0x18 src\tm_stm32f4_gpio.o
 *(COMMON)
 COMMON         0x20000110        0xc src\tm_stm32f4_ili9341.o
                0x20000110                ILI9341_x
                0x20000114                ILI9341_Opts
                0x2000011a                ILI9341_y
 COMMON         0x2000011c     0x5a10 src\main.o
                0x2000011c                SIZE_V
                0x20000120                Conv_output
                0x20001020                temp12
                0x20002e20                temp5
                0x20002e40                RX
                0x20004c40                state
                0x20004c44                table
                0x20004c48                temp6
                0x20004e28                temp1
                0x20004e48                buffer2
                0x20004e4c                temp0
                0x20004e8c                buffer
                0x20004e94                temp11
                0x20004ed4                hold3
                0x20004ed8                temp9
                0x20005298                hold1
                0x200052d8                rx_data
                0x200052dc                error
                0x200052e0                TO_Decoder
                0x200052e8                Output_Data2
                0x200056a8                Out_Data
                0x200056ac                Output_Data
                0x20005a70                temp10
                0x20005ab0                Out_Data2
                0x20005ae8                hold2
                0x20005b28                eptr
                0x20005b2c                . = ALIGN (0x4)
                0x20005b2c                _ebss = .
                0x20005b2c                __bss_end__ = _ebss

._user_heap_stack
                0x20005b2c      0x400
                0x20005b2c                . = ALIGN (0x4)
                0x20005b2c                PROVIDE (end, .)
                0x20005b2c                PROVIDE (_end, .)
                0x20005b2c                . = (. + _Min_Heap_Size)
                0x20005f2c                . = (. + _Min_Stack_Size)
 *fill*         0x20005b2c      0x400 
                0x20005f2c                . = ALIGN (0x4)

.memory_b1_text
 *(.mb1text)
 *(.mb1text*)
 *(.mb1rodata)
 *(.mb1rodata*)

/DISCARD/
 libc.a(*)
 libm.a(*)
 libgcc.a(*)

.ARM.attributes
                0x00000000       0x30
 *(.ARM.attributes)
 .ARM.attributes
                0x00000000       0x22 c:/program files (x86)/atollic/truestudio for arm 5.4.0/armtools/bin/../lib/gcc/arm-atollic-eabi/4.8.3/armv7e-m/fpu/crti.o
 .ARM.attributes
                0x00000022       0x34 c:/program files (x86)/atollic/truestudio for arm 5.4.0/armtools/bin/../lib/gcc/arm-atollic-eabi/4.8.3/armv7e-m/fpu/crtbegin.o
 .ARM.attributes
                0x00000056       0x39 src\tm_stm32f4_spi_dma.o
 .ARM.attributes
                0x0000008f       0x39 src\tm_stm32f4_spi.o
 .ARM.attributes
                0x000000c8       0x39 src\tm_stm32f4_ili9341.o
 .ARM.attributes
                0x00000101       0x39 src\tm_stm32f4_gpio.o
 .ARM.attributes
                0x0000013a       0x39 src\tm_stm32f4_dma.o
 .ARM.attributes
                0x00000173       0x39 src\system_stm32f4xx.o
 .ARM.attributes
                0x000001ac       0x39 src\stm32f4xx_it.o
 .ARM.attributes
                0x000001e5       0x21 src\startup_stm32f429x.o
 .ARM.attributes
                0x00000206       0x39 src\main.o
 .ARM.attributes
                0x0000023f       0x39 src\Viterbi.o
 .ARM.attributes
                0x00000278       0x39 src\NRZ.o
 .ARM.attributes
                0x000002b1       0x39 src\Decoder.o
 .ARM.attributes
                0x000002ea       0x39 Libraries\STM32F4xx_StdPeriph_Driver\src\stm32f4xx_usart.o
 .ARM.attributes
                0x00000323       0x39 Libraries\STM32F4xx_StdPeriph_Driver\src\stm32f4xx_spi.o
 .ARM.attributes
                0x0000035c       0x39 Libraries\STM32F4xx_StdPeriph_Driver\src\stm32f4xx_rcc.o
 .ARM.attributes
                0x00000395       0x39 Libraries\STM32F4xx_StdPeriph_Driver\src\stm32f4xx_gpio.o
 .ARM.attributes
                0x000003ce       0x39 Libraries\STM32F4xx_StdPeriph_Driver\src\stm32f4xx_dma.o
 .ARM.attributes
                0x00000407       0x34 c:/program files (x86)/atollic/truestudio for arm 5.4.0/armtools/bin/../lib/gcc/arm-atollic-eabi/4.8.3/../../../../arm-atollic-eabi/lib/armv7e-m/fpu\libc_s.a(lib_a-init.o)
 .ARM.attributes
                0x0000043b       0x22 c:/program files (x86)/atollic/truestudio for arm 5.4.0/armtools/bin/../lib/gcc/arm-atollic-eabi/4.8.3/armv7e-m/fpu/crtn.o
OUTPUT(EFM2.elf elf32-littlearm)

.debug_info     0x00000000     0x7e22
 .debug_info    0x00000000      0x8c8 src\tm_stm32f4_spi_dma.o
 .debug_info    0x000008c8      0xb0d src\tm_stm32f4_spi.o
 .debug_info    0x000013d5      0xad4 src\tm_stm32f4_ili9341.o
 .debug_info    0x00001ea9      0x83b src\tm_stm32f4_gpio.o
 .debug_info    0x000026e4      0x973 src\tm_stm32f4_dma.o
 .debug_info    0x00003057      0x5c0 src\system_stm32f4xx.o
 .debug_info    0x00003617      0x133 src\stm32f4xx_it.o
 .debug_info    0x0000374a       0x4e src\startup_stm32f429x.o
 .debug_info    0x00003798      0xdcc src\main.o
 .debug_info    0x00004564      0x2c7 src\Viterbi.o
 .debug_info    0x0000482b      0x14b src\NRZ.o
 .debug_info    0x00004976      0x466 src\Decoder.o
 .debug_info    0x00004ddc      0x9c6 Libraries\STM32F4xx_StdPeriph_Driver\src\stm32f4xx_usart.o
 .debug_info    0x000057a2      0xb25 Libraries\STM32F4xx_StdPeriph_Driver\src\stm32f4xx_spi.o
 .debug_info    0x000062c7      0xe15 Libraries\STM32F4xx_StdPeriph_Driver\src\stm32f4xx_rcc.o
 .debug_info    0x000070dc      0x609 Libraries\STM32F4xx_StdPeriph_Driver\src\stm32f4xx_gpio.o
 .debug_info    0x000076e5      0x73d Libraries\STM32F4xx_StdPeriph_Driver\src\stm32f4xx_dma.o

.debug_abbrev   0x00000000     0x1648
 .debug_abbrev  0x00000000      0x180 src\tm_stm32f4_spi_dma.o
 .debug_abbrev  0x00000180      0x1e6 src\tm_stm32f4_spi.o
 .debug_abbrev  0x00000366      0x1b7 src\tm_stm32f4_ili9341.o
 .debug_abbrev  0x0000051d      0x151 src\tm_stm32f4_gpio.o
 .debug_abbrev  0x0000066e      0x1fb src\tm_stm32f4_dma.o
 .debug_abbrev  0x00000869      0x138 src\system_stm32f4xx.o
 .debug_abbrev  0x000009a1       0x67 src\stm32f4xx_it.o
 .debug_abbrev  0x00000a08       0x12 src\startup_stm32f429x.o
 .debug_abbrev  0x00000a1a      0x253 src\main.o
 .debug_abbrev  0x00000c6d       0xe3 src\Viterbi.o
 .debug_abbrev  0x00000d50       0xaa src\NRZ.o
 .debug_abbrev  0x00000dfa       0xd6 src\Decoder.o
 .debug_abbrev  0x00000ed0      0x157 Libraries\STM32F4xx_StdPeriph_Driver\src\stm32f4xx_usart.o
 .debug_abbrev  0x00001027      0x169 Libraries\STM32F4xx_StdPeriph_Driver\src\stm32f4xx_spi.o
 .debug_abbrev  0x00001190      0x1bc Libraries\STM32F4xx_StdPeriph_Driver\src\stm32f4xx_rcc.o
 .debug_abbrev  0x0000134c      0x1a5 Libraries\STM32F4xx_StdPeriph_Driver\src\stm32f4xx_gpio.o
 .debug_abbrev  0x000014f1      0x157 Libraries\STM32F4xx_StdPeriph_Driver\src\stm32f4xx_dma.o

.debug_aranges  0x00000000      0xa00
 .debug_aranges
                0x00000000       0x78 src\tm_stm32f4_spi_dma.o
 .debug_aranges
                0x00000078       0xb0 src\tm_stm32f4_spi.o
 .debug_aranges
                0x00000128       0xc0 src\tm_stm32f4_ili9341.o
 .debug_aranges
                0x000001e8       0x98 src\tm_stm32f4_gpio.o
 .debug_aranges
                0x00000280       0xf8 src\tm_stm32f4_dma.o
 .debug_aranges
                0x00000378       0x30 src\system_stm32f4xx.o
 .debug_aranges
                0x000003a8       0x60 src\stm32f4xx_it.o
 .debug_aranges
                0x00000408       0x28 src\startup_stm32f429x.o
 .debug_aranges
                0x00000430       0x70 src\main.o
 .debug_aranges
                0x000004a0       0x30 src\Viterbi.o
 .debug_aranges
                0x000004d0       0x28 src\NRZ.o
 .debug_aranges
                0x000004f8       0x38 src\Decoder.o
 .debug_aranges
                0x00000530      0x100 Libraries\STM32F4xx_StdPeriph_Driver\src\stm32f4xx_usart.o
 .debug_aranges
                0x00000630       0xe0 Libraries\STM32F4xx_StdPeriph_Driver\src\stm32f4xx_spi.o
 .debug_aranges
                0x00000710      0x1b8 Libraries\STM32F4xx_StdPeriph_Driver\src\stm32f4xx_rcc.o
 .debug_aranges
                0x000008c8       0x88 Libraries\STM32F4xx_StdPeriph_Driver\src\stm32f4xx_gpio.o
 .debug_aranges
                0x00000950       0xb0 Libraries\STM32F4xx_StdPeriph_Driver\src\stm32f4xx_dma.o

.debug_ranges   0x00000000      0x8f8
 .debug_ranges  0x00000000       0x68 src\tm_stm32f4_spi_dma.o
 .debug_ranges  0x00000068       0xa0 src\tm_stm32f4_spi.o
 .debug_ranges  0x00000108       0xb0 src\tm_stm32f4_ili9341.o
 .debug_ranges  0x000001b8       0x88 src\tm_stm32f4_gpio.o
 .debug_ranges  0x00000240       0xe8 src\tm_stm32f4_dma.o
 .debug_ranges  0x00000328       0x20 src\system_stm32f4xx.o
 .debug_ranges  0x00000348       0x50 src\stm32f4xx_it.o
 .debug_ranges  0x00000398       0x20 src\startup_stm32f429x.o
 .debug_ranges  0x000003b8       0x60 src\main.o
 .debug_ranges  0x00000418       0x20 src\Viterbi.o
 .debug_ranges  0x00000438       0x18 src\NRZ.o
 .debug_ranges  0x00000450       0x28 src\Decoder.o
 .debug_ranges  0x00000478       0xf0 Libraries\STM32F4xx_StdPeriph_Driver\src\stm32f4xx_usart.o
 .debug_ranges  0x00000568       0xd0 Libraries\STM32F4xx_StdPeriph_Driver\src\stm32f4xx_spi.o
 .debug_ranges  0x00000638      0x1a8 Libraries\STM32F4xx_StdPeriph_Driver\src\stm32f4xx_rcc.o
 .debug_ranges  0x000007e0       0x78 Libraries\STM32F4xx_StdPeriph_Driver\src\stm32f4xx_gpio.o
 .debug_ranges  0x00000858       0xa0 Libraries\STM32F4xx_StdPeriph_Driver\src\stm32f4xx_dma.o

.debug_line     0x00000000     0x3bc9
 .debug_line    0x00000000      0x310 src\tm_stm32f4_spi_dma.o
 .debug_line    0x00000310      0x4ea src\tm_stm32f4_spi.o
 .debug_line    0x000007fa      0x54b src\tm_stm32f4_ili9341.o
 .debug_line    0x00000d45      0x33e src\tm_stm32f4_gpio.o
 .debug_line    0x00001083      0x428 src\tm_stm32f4_dma.o
 .debug_line    0x000014ab      0x1fb src\system_stm32f4xx.o
 .debug_line    0x000016a6      0x1e2 src\stm32f4xx_it.o
 .debug_line    0x00001888       0x7a src\startup_stm32f429x.o
 .debug_line    0x00001902      0x454 src\main.o
 .debug_line    0x00001d56      0x44f src\Viterbi.o
 .debug_line    0x000021a5      0x18a src\NRZ.o
 .debug_line    0x0000232f      0x294 src\Decoder.o
 .debug_line    0x000025c3      0x495 Libraries\STM32F4xx_StdPeriph_Driver\src\stm32f4xx_usart.o
 .debug_line    0x00002a58      0x448 Libraries\STM32F4xx_StdPeriph_Driver\src\stm32f4xx_spi.o
 .debug_line    0x00002ea0      0x62e Libraries\STM32F4xx_StdPeriph_Driver\src\stm32f4xx_rcc.o
 .debug_line    0x000034ce      0x332 Libraries\STM32F4xx_StdPeriph_Driver\src\stm32f4xx_gpio.o
 .debug_line    0x00003800      0x3c9 Libraries\STM32F4xx_StdPeriph_Driver\src\stm32f4xx_dma.o

.debug_str      0x00000000     0x304f
 .debug_str     0x00000000      0x5c4 src\tm_stm32f4_spi_dma.o
                                0x63b (size before relaxing)
 .debug_str     0x000005c4      0x4a1 src\tm_stm32f4_spi.o
                                0x7c6 (size before relaxing)
 .debug_str     0x00000a65      0x3d1 src\tm_stm32f4_ili9341.o
                                0x770 (size before relaxing)
 .debug_str     0x00000e36      0x1f9 src\tm_stm32f4_gpio.o
                                0x5df (size before relaxing)
 .debug_str     0x0000102f      0x966 src\tm_stm32f4_dma.o
                                0xb6d (size before relaxing)
 .debug_str     0x00001995      0x10e src\system_stm32f4xx.o
                                0x3e4 (size before relaxing)
 .debug_str     0x00001aa3       0xa6 src\stm32f4xx_it.o
                                0x21a (size before relaxing)
 .debug_str     0x00001b49      0x3de src\main.o
                                0x852 (size before relaxing)
 .debug_str     0x00001f27       0x7e src\Viterbi.o
                                0x228 (size before relaxing)
 .debug_str     0x00001fa5       0x2e src\NRZ.o
                                0x1b6 (size before relaxing)
 .debug_str     0x00001fd3       0x59 src\Decoder.o
                                0x2ed (size before relaxing)
 .debug_str     0x0000202c      0x3ad Libraries\STM32F4xx_StdPeriph_Driver\src\stm32f4xx_usart.o
                                0x6ce (size before relaxing)
 .debug_str     0x000023d9      0x2d3 Libraries\STM32F4xx_StdPeriph_Driver\src\stm32f4xx_spi.o
                                0x6dc (size before relaxing)
 .debug_str     0x000026ac      0x639 Libraries\STM32F4xx_StdPeriph_Driver\src\stm32f4xx_rcc.o
                                0x9dc (size before relaxing)
 .debug_str     0x00002ce5      0x15e Libraries\STM32F4xx_StdPeriph_Driver\src\stm32f4xx_gpio.o
                                0x4e2 (size before relaxing)
 .debug_str     0x00002e43      0x20c Libraries\STM32F4xx_StdPeriph_Driver\src\stm32f4xx_dma.o
                                0x581 (size before relaxing)

.comment        0x00000000       0x82
 .comment       0x00000000       0x82 src\tm_stm32f4_spi_dma.o
                                 0x83 (size before relaxing)
 .comment       0x00000000       0x83 src\tm_stm32f4_spi.o
 .comment       0x00000000       0x83 src\tm_stm32f4_ili9341.o
 .comment       0x00000000       0x83 src\tm_stm32f4_gpio.o
 .comment       0x00000000       0x83 src\tm_stm32f4_dma.o
 .comment       0x00000000       0x83 src\system_stm32f4xx.o
 .comment       0x00000000       0x83 src\stm32f4xx_it.o
 .comment       0x00000000       0x83 src\main.o
 .comment       0x00000000       0x83 src\Viterbi.o
 .comment       0x00000000       0x83 src\NRZ.o
 .comment       0x00000000       0x83 src\Decoder.o
 .comment       0x00000000       0x83 Libraries\STM32F4xx_StdPeriph_Driver\src\stm32f4xx_usart.o
 .comment       0x00000000       0x83 Libraries\STM32F4xx_StdPeriph_Driver\src\stm32f4xx_spi.o
 .comment       0x00000000       0x83 Libraries\STM32F4xx_StdPeriph_Driver\src\stm32f4xx_rcc.o
 .comment       0x00000000       0x83 Libraries\STM32F4xx_StdPeriph_Driver\src\stm32f4xx_gpio.o
 .comment       0x00000000       0x83 Libraries\STM32F4xx_StdPeriph_Driver\src\stm32f4xx_dma.o

.debug_frame    0x00000000     0x1f40
 .debug_frame   0x00000000      0x18c src\tm_stm32f4_spi_dma.o
 .debug_frame   0x0000018c      0x250 src\tm_stm32f4_spi.o
 .debug_frame   0x000003dc      0x298 src\tm_stm32f4_ili9341.o
 .debug_frame   0x00000674      0x1f8 src\tm_stm32f4_gpio.o
 .debug_frame   0x0000086c      0x330 src\tm_stm32f4_dma.o
 .debug_frame   0x00000b9c       0x64 src\system_stm32f4xx.o
 .debug_frame   0x00000c00       0xe8 src\stm32f4xx_it.o
 .debug_frame   0x00000ce8      0x160 src\main.o
 .debug_frame   0x00000e48       0x74 src\Viterbi.o
 .debug_frame   0x00000ebc       0x48 src\NRZ.o
 .debug_frame   0x00000f04       0x84 src\Decoder.o
 .debug_frame   0x00000f88      0x344 Libraries\STM32F4xx_StdPeriph_Driver\src\stm32f4xx_usart.o
 .debug_frame   0x000012cc      0x2d0 Libraries\STM32F4xx_StdPeriph_Driver\src\stm32f4xx_spi.o
 .debug_frame   0x0000159c      0x5b8 Libraries\STM32F4xx_StdPeriph_Driver\src\stm32f4xx_rcc.o
 .debug_frame   0x00001b54      0x19c Libraries\STM32F4xx_StdPeriph_Driver\src\stm32f4xx_gpio.o
 .debug_frame   0x00001cf0      0x224 Libraries\STM32F4xx_StdPeriph_Driver\src\stm32f4xx_dma.o
 .debug_frame   0x00001f14       0x2c c:/program files (x86)/atollic/truestudio for arm 5.4.0/armtools/bin/../lib/gcc/arm-atollic-eabi/4.8.3/../../../../arm-atollic-eabi/lib/armv7e-m/fpu\libc_s.a(lib_a-init.o)

Cross Reference Table

Symbol                                            File
ADC_AnalogWatchdogCmd                             Libraries\STM32F4xx_StdPeriph_Driver\src\stm32f4xx_adc.o
ADC_AnalogWatchdogSingleChannelConfig             Libraries\STM32F4xx_StdPeriph_Driver\src\stm32f4xx_adc.o
ADC_AnalogWatchdogThresholdsConfig                Libraries\STM32F4xx_StdPeriph_Driver\src\stm32f4xx_adc.o
ADC_AutoInjectedConvCmd                           Libraries\STM32F4xx_StdPeriph_Driver\src\stm32f4xx_adc.o
ADC_ClearFlag                                     Libraries\STM32F4xx_StdPeriph_Driver\src\stm32f4xx_adc.o
ADC_ClearITPendingBit                             Libraries\STM32F4xx_StdPeriph_Driver\src\stm32f4xx_adc.o
ADC_Cmd                                           Libraries\STM32F4xx_StdPeriph_Driver\src\stm32f4xx_adc.o
ADC_CommonInit                                    Libraries\STM32F4xx_StdPeriph_Driver\src\stm32f4xx_adc.o
ADC_CommonStructInit                              Libraries\STM32F4xx_StdPeriph_Driver\src\stm32f4xx_adc.o
ADC_ContinuousModeCmd                             Libraries\STM32F4xx_StdPeriph_Driver\src\stm32f4xx_adc.o
ADC_DMACmd                                        Libraries\STM32F4xx_StdPeriph_Driver\src\stm32f4xx_adc.o
ADC_DMARequestAfterLastTransferCmd                Libraries\STM32F4xx_StdPeriph_Driver\src\stm32f4xx_adc.o
ADC_DeInit                                        Libraries\STM32F4xx_StdPeriph_Driver\src\stm32f4xx_adc.o
ADC_DiscModeChannelCountConfig                    Libraries\STM32F4xx_StdPeriph_Driver\src\stm32f4xx_adc.o
ADC_DiscModeCmd                                   Libraries\STM32F4xx_StdPeriph_Driver\src\stm32f4xx_adc.o
ADC_EOCOnEachRegularChannelCmd                    Libraries\STM32F4xx_StdPeriph_Driver\src\stm32f4xx_adc.o
ADC_ExternalTrigInjectedConvConfig                Libraries\STM32F4xx_StdPeriph_Driver\src\stm32f4xx_adc.o
ADC_ExternalTrigInjectedConvEdgeConfig            Libraries\STM32F4xx_StdPeriph_Driver\src\stm32f4xx_adc.o
ADC_GetConversionValue                            Libraries\STM32F4xx_StdPeriph_Driver\src\stm32f4xx_adc.o
ADC_GetFlagStatus                                 Libraries\STM32F4xx_StdPeriph_Driver\src\stm32f4xx_adc.o
ADC_GetITStatus                                   Libraries\STM32F4xx_StdPeriph_Driver\src\stm32f4xx_adc.o
ADC_GetInjectedConversionValue                    Libraries\STM32F4xx_StdPeriph_Driver\src\stm32f4xx_adc.o
ADC_GetMultiModeConversionValue                   Libraries\STM32F4xx_StdPeriph_Driver\src\stm32f4xx_adc.o
ADC_GetSoftwareStartConvStatus                    Libraries\STM32F4xx_StdPeriph_Driver\src\stm32f4xx_adc.o
ADC_GetSoftwareStartInjectedConvCmdStatus         Libraries\STM32F4xx_StdPeriph_Driver\src\stm32f4xx_adc.o
ADC_IRQHandler                                    src\startup_stm32f429x.o
ADC_ITConfig                                      Libraries\STM32F4xx_StdPeriph_Driver\src\stm32f4xx_adc.o
ADC_Init                                          Libraries\STM32F4xx_StdPeriph_Driver\src\stm32f4xx_adc.o
ADC_InjectedChannelConfig                         Libraries\STM32F4xx_StdPeriph_Driver\src\stm32f4xx_adc.o
ADC_InjectedDiscModeCmd                           Libraries\STM32F4xx_StdPeriph_Driver\src\stm32f4xx_adc.o
ADC_InjectedSequencerLengthConfig                 Libraries\STM32F4xx_StdPeriph_Driver\src\stm32f4xx_adc.o
ADC_MultiModeDMARequestAfterLastTransferCmd       Libraries\STM32F4xx_StdPeriph_Driver\src\stm32f4xx_adc.o
ADC_RegularChannelConfig                          Libraries\STM32F4xx_StdPeriph_Driver\src\stm32f4xx_adc.o
ADC_SetInjectedOffset                             Libraries\STM32F4xx_StdPeriph_Driver\src\stm32f4xx_adc.o
ADC_SoftwareStartConv                             Libraries\STM32F4xx_StdPeriph_Driver\src\stm32f4xx_adc.o
ADC_SoftwareStartInjectedConv                     Libraries\STM32F4xx_StdPeriph_Driver\src\stm32f4xx_adc.o
ADC_StructInit                                    Libraries\STM32F4xx_StdPeriph_Driver\src\stm32f4xx_adc.o
ADC_TempSensorVrefintCmd                          Libraries\STM32F4xx_StdPeriph_Driver\src\stm32f4xx_adc.o
ADC_VBATCmd                                       Libraries\STM32F4xx_StdPeriph_Driver\src\stm32f4xx_adc.o
AHBPrescTable                                     src\system_stm32f4xx.o
BusFault_Handler                                  src\stm32f4xx_it.o
CAN1_RX0_IRQHandler                               src\startup_stm32f429x.o
CAN1_RX1_IRQHandler                               src\startup_stm32f429x.o
CAN1_SCE_IRQHandler                               src\startup_stm32f429x.o
CAN1_TX_IRQHandler                                src\startup_stm32f429x.o
CAN2_RX0_IRQHandler                               src\startup_stm32f429x.o
CAN2_RX1_IRQHandler                               src\startup_stm32f429x.o
CAN2_SCE_IRQHandler                               src\startup_stm32f429x.o
CAN2_TX_IRQHandler                                src\startup_stm32f429x.o
CAN_CancelTransmit                                Libraries\STM32F4xx_StdPeriph_Driver\src\stm32f4xx_can.o
CAN_ClearFlag                                     Libraries\STM32F4xx_StdPeriph_Driver\src\stm32f4xx_can.o
CAN_ClearITPendingBit                             Libraries\STM32F4xx_StdPeriph_Driver\src\stm32f4xx_can.o
CAN_DBGFreeze                                     Libraries\STM32F4xx_StdPeriph_Driver\src\stm32f4xx_can.o
CAN_DeInit                                        Libraries\STM32F4xx_StdPeriph_Driver\src\stm32f4xx_can.o
CAN_FIFORelease                                   Libraries\STM32F4xx_StdPeriph_Driver\src\stm32f4xx_can.o
CAN_FilterInit                                    Libraries\STM32F4xx_StdPeriph_Driver\src\stm32f4xx_can.o
CAN_GetFlagStatus                                 Libraries\STM32F4xx_StdPeriph_Driver\src\stm32f4xx_can.o
CAN_GetITStatus                                   Libraries\STM32F4xx_StdPeriph_Driver\src\stm32f4xx_can.o
CAN_GetLSBTransmitErrorCounter                    Libraries\STM32F4xx_StdPeriph_Driver\src\stm32f4xx_can.o
CAN_GetLastErrorCode                              Libraries\STM32F4xx_StdPeriph_Driver\src\stm32f4xx_can.o
CAN_GetReceiveErrorCounter                        Libraries\STM32F4xx_StdPeriph_Driver\src\stm32f4xx_can.o
CAN_ITConfig                                      Libraries\STM32F4xx_StdPeriph_Driver\src\stm32f4xx_can.o
CAN_Init                                          Libraries\STM32F4xx_StdPeriph_Driver\src\stm32f4xx_can.o
CAN_MessagePending                                Libraries\STM32F4xx_StdPeriph_Driver\src\stm32f4xx_can.o
CAN_OperatingModeRequest                          Libraries\STM32F4xx_StdPeriph_Driver\src\stm32f4xx_can.o
CAN_Receive                                       Libraries\STM32F4xx_StdPeriph_Driver\src\stm32f4xx_can.o
CAN_SlaveStartBank                                Libraries\STM32F4xx_StdPeriph_Driver\src\stm32f4xx_can.o
CAN_Sleep                                         Libraries\STM32F4xx_StdPeriph_Driver\src\stm32f4xx_can.o
CAN_StructInit                                    Libraries\STM32F4xx_StdPeriph_Driver\src\stm32f4xx_can.o
CAN_TTComModeCmd                                  Libraries\STM32F4xx_StdPeriph_Driver\src\stm32f4xx_can.o
CAN_Transmit                                      Libraries\STM32F4xx_StdPeriph_Driver\src\stm32f4xx_can.o
CAN_TransmitStatus                                Libraries\STM32F4xx_StdPeriph_Driver\src\stm32f4xx_can.o
CAN_WakeUp                                        Libraries\STM32F4xx_StdPeriph_Driver\src\stm32f4xx_can.o
CRC_CalcBlockCRC                                  Libraries\STM32F4xx_StdPeriph_Driver\src\stm32f4xx_crc.o
CRC_CalcCRC                                       Libraries\STM32F4xx_StdPeriph_Driver\src\stm32f4xx_crc.o
CRC_GetCRC                                        Libraries\STM32F4xx_StdPeriph_Driver\src\stm32f4xx_crc.o
CRC_GetIDRegister                                 Libraries\STM32F4xx_StdPeriph_Driver\src\stm32f4xx_crc.o
CRC_ResetDR                                       Libraries\STM32F4xx_StdPeriph_Driver\src\stm32f4xx_crc.o
CRC_SetIDRegister                                 Libraries\STM32F4xx_StdPeriph_Driver\src\stm32f4xx_crc.o
CRYP_AES_CBC                                      Libraries\STM32F4xx_StdPeriph_Driver\src\stm32f4xx_cryp_aes.o
CRYP_AES_CCM                                      Libraries\STM32F4xx_StdPeriph_Driver\src\stm32f4xx_cryp_aes.o
CRYP_AES_CTR                                      Libraries\STM32F4xx_StdPeriph_Driver\src\stm32f4xx_cryp_aes.o
CRYP_AES_ECB                                      Libraries\STM32F4xx_StdPeriph_Driver\src\stm32f4xx_cryp_aes.o
CRYP_AES_GCM                                      Libraries\STM32F4xx_StdPeriph_Driver\src\stm32f4xx_cryp_aes.o
CRYP_Cmd                                          Libraries\STM32F4xx_StdPeriph_Driver\src\stm32f4xx_cryp.o
                                                  Libraries\STM32F4xx_StdPeriph_Driver\src\stm32f4xx_cryp_aes.o
                                                  Libraries\STM32F4xx_StdPeriph_Driver\src\stm32f4xx_cryp_des.o
                                                  Libraries\STM32F4xx_StdPeriph_Driver\src\stm32f4xx_cryp_tdes.o
CRYP_DES_CBC                                      Libraries\STM32F4xx_StdPeriph_Driver\src\stm32f4xx_cryp_des.o
CRYP_DES_ECB                                      Libraries\STM32F4xx_StdPeriph_Driver\src\stm32f4xx_cryp_des.o
CRYP_DMACmd                                       Libraries\STM32F4xx_StdPeriph_Driver\src\stm32f4xx_cryp.o
CRYP_DataIn                                       Libraries\STM32F4xx_StdPeriph_Driver\src\stm32f4xx_cryp.o
                                                  Libraries\STM32F4xx_StdPeriph_Driver\src\stm32f4xx_cryp_aes.o
                                                  Libraries\STM32F4xx_StdPeriph_Driver\src\stm32f4xx_cryp_des.o
                                                  Libraries\STM32F4xx_StdPeriph_Driver\src\stm32f4xx_cryp_tdes.o
CRYP_DataOut                                      Libraries\STM32F4xx_StdPeriph_Driver\src\stm32f4xx_cryp.o
                                                  Libraries\STM32F4xx_StdPeriph_Driver\src\stm32f4xx_cryp_aes.o
                                                  Libraries\STM32F4xx_StdPeriph_Driver\src\stm32f4xx_cryp_des.o
                                                  Libraries\STM32F4xx_StdPeriph_Driver\src\stm32f4xx_cryp_tdes.o
CRYP_DeInit                                       Libraries\STM32F4xx_StdPeriph_Driver\src\stm32f4xx_cryp.o
CRYP_FIFOFlush                                    Libraries\STM32F4xx_StdPeriph_Driver\src\stm32f4xx_cryp.o
                                                  Libraries\STM32F4xx_StdPeriph_Driver\src\stm32f4xx_cryp_aes.o
                                                  Libraries\STM32F4xx_StdPeriph_Driver\src\stm32f4xx_cryp_des.o
                                                  Libraries\STM32F4xx_StdPeriph_Driver\src\stm32f4xx_cryp_tdes.o
CRYP_GetCmdStatus                                 Libraries\STM32F4xx_StdPeriph_Driver\src\stm32f4xx_cryp.o
                                                  Libraries\STM32F4xx_StdPeriph_Driver\src\stm32f4xx_cryp_aes.o
                                                  Libraries\STM32F4xx_StdPeriph_Driver\src\stm32f4xx_cryp_des.o
                                                  Libraries\STM32F4xx_StdPeriph_Driver\src\stm32f4xx_cryp_tdes.o
CRYP_GetFlagStatus                                Libraries\STM32F4xx_StdPeriph_Driver\src\stm32f4xx_cryp.o
                                                  Libraries\STM32F4xx_StdPeriph_Driver\src\stm32f4xx_cryp_aes.o
                                                  Libraries\STM32F4xx_StdPeriph_Driver\src\stm32f4xx_cryp_des.o
                                                  Libraries\STM32F4xx_StdPeriph_Driver\src\stm32f4xx_cryp_tdes.o
CRYP_GetITStatus                                  Libraries\STM32F4xx_StdPeriph_Driver\src\stm32f4xx_cryp.o
CRYP_IRQHandler                                   src\startup_stm32f429x.o
CRYP_ITConfig                                     Libraries\STM32F4xx_StdPeriph_Driver\src\stm32f4xx_cryp.o
CRYP_IVInit                                       Libraries\STM32F4xx_StdPeriph_Driver\src\stm32f4xx_cryp.o
                                                  Libraries\STM32F4xx_StdPeriph_Driver\src\stm32f4xx_cryp_aes.o
                                                  Libraries\STM32F4xx_StdPeriph_Driver\src\stm32f4xx_cryp_des.o
                                                  Libraries\STM32F4xx_StdPeriph_Driver\src\stm32f4xx_cryp_tdes.o
CRYP_IVStructInit                                 Libraries\STM32F4xx_StdPeriph_Driver\src\stm32f4xx_cryp.o
CRYP_Init                                         Libraries\STM32F4xx_StdPeriph_Driver\src\stm32f4xx_cryp.o
                                                  Libraries\STM32F4xx_StdPeriph_Driver\src\stm32f4xx_cryp_aes.o
                                                  Libraries\STM32F4xx_StdPeriph_Driver\src\stm32f4xx_cryp_des.o
                                                  Libraries\STM32F4xx_StdPeriph_Driver\src\stm32f4xx_cryp_tdes.o
CRYP_KeyInit                                      Libraries\STM32F4xx_StdPeriph_Driver\src\stm32f4xx_cryp.o
                                                  Libraries\STM32F4xx_StdPeriph_Driver\src\stm32f4xx_cryp_aes.o
                                                  Libraries\STM32F4xx_StdPeriph_Driver\src\stm32f4xx_cryp_des.o
                                                  Libraries\STM32F4xx_StdPeriph_Driver\src\stm32f4xx_cryp_tdes.o
CRYP_KeyStructInit                                Libraries\STM32F4xx_StdPeriph_Driver\src\stm32f4xx_cryp.o
                                                  Libraries\STM32F4xx_StdPeriph_Driver\src\stm32f4xx_cryp_aes.o
                                                  Libraries\STM32F4xx_StdPeriph_Driver\src\stm32f4xx_cryp_des.o
                                                  Libraries\STM32F4xx_StdPeriph_Driver\src\stm32f4xx_cryp_tdes.o
CRYP_PhaseConfig                                  Libraries\STM32F4xx_StdPeriph_Driver\src\stm32f4xx_cryp.o
                                                  Libraries\STM32F4xx_StdPeriph_Driver\src\stm32f4xx_cryp_aes.o
CRYP_RestoreContext                               Libraries\STM32F4xx_StdPeriph_Driver\src\stm32f4xx_cryp.o
CRYP_SaveContext                                  Libraries\STM32F4xx_StdPeriph_Driver\src\stm32f4xx_cryp.o
CRYP_StructInit                                   Libraries\STM32F4xx_StdPeriph_Driver\src\stm32f4xx_cryp.o
CRYP_TDES_CBC                                     Libraries\STM32F4xx_StdPeriph_Driver\src\stm32f4xx_cryp_tdes.o
CRYP_TDES_ECB                                     Libraries\STM32F4xx_StdPeriph_Driver\src\stm32f4xx_cryp_tdes.o
Conv_output                                       src\main.o
DAC_ClearFlag                                     Libraries\STM32F4xx_StdPeriph_Driver\src\stm32f4xx_dac.o
DAC_ClearITPendingBit                             Libraries\STM32F4xx_StdPeriph_Driver\src\stm32f4xx_dac.o
DAC_Cmd                                           Libraries\STM32F4xx_StdPeriph_Driver\src\stm32f4xx_dac.o
DAC_DMACmd                                        Libraries\STM32F4xx_StdPeriph_Driver\src\stm32f4xx_dac.o
DAC_DeInit                                        Libraries\STM32F4xx_StdPeriph_Driver\src\stm32f4xx_dac.o
DAC_DualSoftwareTriggerCmd                        Libraries\STM32F4xx_StdPeriph_Driver\src\stm32f4xx_dac.o
DAC_GetDataOutputValue                            Libraries\STM32F4xx_StdPeriph_Driver\src\stm32f4xx_dac.o
DAC_GetFlagStatus                                 Libraries\STM32F4xx_StdPeriph_Driver\src\stm32f4xx_dac.o
DAC_GetITStatus                                   Libraries\STM32F4xx_StdPeriph_Driver\src\stm32f4xx_dac.o
DAC_ITConfig                                      Libraries\STM32F4xx_StdPeriph_Driver\src\stm32f4xx_dac.o
DAC_Init                                          Libraries\STM32F4xx_StdPeriph_Driver\src\stm32f4xx_dac.o
DAC_SetChannel1Data                               Libraries\STM32F4xx_StdPeriph_Driver\src\stm32f4xx_dac.o
DAC_SetChannel2Data                               Libraries\STM32F4xx_StdPeriph_Driver\src\stm32f4xx_dac.o
DAC_SetDualChannelData                            Libraries\STM32F4xx_StdPeriph_Driver\src\stm32f4xx_dac.o
DAC_SoftwareTriggerCmd                            Libraries\STM32F4xx_StdPeriph_Driver\src\stm32f4xx_dac.o
DAC_StructInit                                    Libraries\STM32F4xx_StdPeriph_Driver\src\stm32f4xx_dac.o
DAC_WaveGenerationCmd                             Libraries\STM32F4xx_StdPeriph_Driver\src\stm32f4xx_dac.o
DBGMCU_APB1PeriphConfig                           Libraries\STM32F4xx_StdPeriph_Driver\src\stm32f4xx_dbgmcu.o
DBGMCU_APB2PeriphConfig                           Libraries\STM32F4xx_StdPeriph_Driver\src\stm32f4xx_dbgmcu.o
DBGMCU_Config                                     Libraries\STM32F4xx_StdPeriph_Driver\src\stm32f4xx_dbgmcu.o
DBGMCU_GetDEVID                                   Libraries\STM32F4xx_StdPeriph_Driver\src\stm32f4xx_dbgmcu.o
DBGMCU_GetREVID                                   Libraries\STM32F4xx_StdPeriph_Driver\src\stm32f4xx_dbgmcu.o
DCMI_CROPCmd                                      Libraries\STM32F4xx_StdPeriph_Driver\src\stm32f4xx_dcmi.o
DCMI_CROPConfig                                   Libraries\STM32F4xx_StdPeriph_Driver\src\stm32f4xx_dcmi.o
DCMI_CaptureCmd                                   Libraries\STM32F4xx_StdPeriph_Driver\src\stm32f4xx_dcmi.o
DCMI_ClearFlag                                    Libraries\STM32F4xx_StdPeriph_Driver\src\stm32f4xx_dcmi.o
DCMI_ClearITPendingBit                            Libraries\STM32F4xx_StdPeriph_Driver\src\stm32f4xx_dcmi.o
DCMI_Cmd                                          Libraries\STM32F4xx_StdPeriph_Driver\src\stm32f4xx_dcmi.o
DCMI_DeInit                                       Libraries\STM32F4xx_StdPeriph_Driver\src\stm32f4xx_dcmi.o
DCMI_GetFlagStatus                                Libraries\STM32F4xx_StdPeriph_Driver\src\stm32f4xx_dcmi.o
DCMI_GetITStatus                                  Libraries\STM32F4xx_StdPeriph_Driver\src\stm32f4xx_dcmi.o
DCMI_IRQHandler                                   src\startup_stm32f429x.o
DCMI_ITConfig                                     Libraries\STM32F4xx_StdPeriph_Driver\src\stm32f4xx_dcmi.o
DCMI_Init                                         Libraries\STM32F4xx_StdPeriph_Driver\src\stm32f4xx_dcmi.o
DCMI_JPEGCmd                                      Libraries\STM32F4xx_StdPeriph_Driver\src\stm32f4xx_dcmi.o
DCMI_ReadData                                     Libraries\STM32F4xx_StdPeriph_Driver\src\stm32f4xx_dcmi.o
DCMI_SetEmbeddedSynchroCodes                      Libraries\STM32F4xx_StdPeriph_Driver\src\stm32f4xx_dcmi.o
DCMI_StructInit                                   Libraries\STM32F4xx_StdPeriph_Driver\src\stm32f4xx_dcmi.o
DMA1_Stream0_IRQHandler                           src\tm_stm32f4_dma.o
DMA1_Stream1_IRQHandler                           src\tm_stm32f4_dma.o
DMA1_Stream2_IRQHandler                           src\tm_stm32f4_dma.o
DMA1_Stream3_IRQHandler                           src\tm_stm32f4_dma.o
DMA1_Stream4_IRQHandler                           src\tm_stm32f4_dma.o
DMA1_Stream5_IRQHandler                           src\tm_stm32f4_dma.o
DMA1_Stream6_IRQHandler                           src\tm_stm32f4_dma.o
DMA1_Stream7_IRQHandler                           src\tm_stm32f4_dma.o
DMA2D_AbortTransfer                               Libraries\STM32F4xx_StdPeriph_Driver\src\stm32f4xx_dma2d.o
DMA2D_BGConfig                                    Libraries\STM32F4xx_StdPeriph_Driver\src\stm32f4xx_dma2d.o
DMA2D_BGStart                                     Libraries\STM32F4xx_StdPeriph_Driver\src\stm32f4xx_dma2d.o
DMA2D_BG_StructInit                               Libraries\STM32F4xx_StdPeriph_Driver\src\stm32f4xx_dma2d.o
DMA2D_ClearFlag                                   Libraries\STM32F4xx_StdPeriph_Driver\src\stm32f4xx_dma2d.o
DMA2D_ClearITPendingBit                           Libraries\STM32F4xx_StdPeriph_Driver\src\stm32f4xx_dma2d.o
DMA2D_DeInit                                      Libraries\STM32F4xx_StdPeriph_Driver\src\stm32f4xx_dma2d.o
DMA2D_DeadTimeConfig                              Libraries\STM32F4xx_StdPeriph_Driver\src\stm32f4xx_dma2d.o
DMA2D_FGConfig                                    Libraries\STM32F4xx_StdPeriph_Driver\src\stm32f4xx_dma2d.o
DMA2D_FGStart                                     Libraries\STM32F4xx_StdPeriph_Driver\src\stm32f4xx_dma2d.o
DMA2D_FG_StructInit                               Libraries\STM32F4xx_StdPeriph_Driver\src\stm32f4xx_dma2d.o
DMA2D_GetFlagStatus                               Libraries\STM32F4xx_StdPeriph_Driver\src\stm32f4xx_dma2d.o
DMA2D_GetITStatus                                 Libraries\STM32F4xx_StdPeriph_Driver\src\stm32f4xx_dma2d.o
DMA2D_IRQHandler                                  src\startup_stm32f429x.o
DMA2D_ITConfig                                    Libraries\STM32F4xx_StdPeriph_Driver\src\stm32f4xx_dma2d.o
DMA2D_Init                                        Libraries\STM32F4xx_StdPeriph_Driver\src\stm32f4xx_dma2d.o
DMA2D_LineWatermarkConfig                         Libraries\STM32F4xx_StdPeriph_Driver\src\stm32f4xx_dma2d.o
DMA2D_StartTransfer                               Libraries\STM32F4xx_StdPeriph_Driver\src\stm32f4xx_dma2d.o
DMA2D_StructInit                                  Libraries\STM32F4xx_StdPeriph_Driver\src\stm32f4xx_dma2d.o
DMA2D_Suspend                                     Libraries\STM32F4xx_StdPeriph_Driver\src\stm32f4xx_dma2d.o
DMA2_Stream0_IRQHandler                           src\tm_stm32f4_dma.o
DMA2_Stream1_IRQHandler                           src\tm_stm32f4_dma.o
DMA2_Stream2_IRQHandler                           src\tm_stm32f4_dma.o
DMA2_Stream3_IRQHandler                           src\tm_stm32f4_dma.o
DMA2_Stream4_IRQHandler                           src\tm_stm32f4_dma.o
DMA2_Stream5_IRQHandler                           src\tm_stm32f4_dma.o
DMA2_Stream6_IRQHandler                           src\tm_stm32f4_dma.o
DMA2_Stream7_IRQHandler                           src\tm_stm32f4_dma.o
DMA_ClearFlag                                     Libraries\STM32F4xx_StdPeriph_Driver\src\stm32f4xx_dma.o
DMA_ClearITPendingBit                             Libraries\STM32F4xx_StdPeriph_Driver\src\stm32f4xx_dma.o
DMA_Cmd                                           Libraries\STM32F4xx_StdPeriph_Driver\src\stm32f4xx_dma.o
DMA_DeInit                                        Libraries\STM32F4xx_StdPeriph_Driver\src\stm32f4xx_dma.o
                                                  src\tm_stm32f4_spi_dma.o
DMA_DoubleBufferModeCmd                           Libraries\STM32F4xx_StdPeriph_Driver\src\stm32f4xx_dma.o
DMA_DoubleBufferModeConfig                        Libraries\STM32F4xx_StdPeriph_Driver\src\stm32f4xx_dma.o
DMA_FlowControllerConfig                          Libraries\STM32F4xx_StdPeriph_Driver\src\stm32f4xx_dma.o
DMA_GetCmdStatus                                  Libraries\STM32F4xx_StdPeriph_Driver\src\stm32f4xx_dma.o
DMA_GetCurrDataCounter                            Libraries\STM32F4xx_StdPeriph_Driver\src\stm32f4xx_dma.o
DMA_GetCurrentMemoryTarget                        Libraries\STM32F4xx_StdPeriph_Driver\src\stm32f4xx_dma.o
DMA_GetFIFOStatus                                 Libraries\STM32F4xx_StdPeriph_Driver\src\stm32f4xx_dma.o
DMA_GetFlagStatus                                 Libraries\STM32F4xx_StdPeriph_Driver\src\stm32f4xx_dma.o
DMA_GetITStatus                                   Libraries\STM32F4xx_StdPeriph_Driver\src\stm32f4xx_dma.o
DMA_ITConfig                                      Libraries\STM32F4xx_StdPeriph_Driver\src\stm32f4xx_dma.o
DMA_Init                                          Libraries\STM32F4xx_StdPeriph_Driver\src\stm32f4xx_dma.o
                                                  src\tm_stm32f4_spi_dma.o
DMA_MemoryTargetConfig                            Libraries\STM32F4xx_StdPeriph_Driver\src\stm32f4xx_dma.o
DMA_PeriphIncOffsetSizeConfig                     Libraries\STM32F4xx_StdPeriph_Driver\src\stm32f4xx_dma.o
DMA_SetCurrDataCounter                            Libraries\STM32F4xx_StdPeriph_Driver\src\stm32f4xx_dma.o
DMA_StructInit                                    Libraries\STM32F4xx_StdPeriph_Driver\src\stm32f4xx_dma.o
DebugMon_Handler                                  src\stm32f4xx_it.o
Default_Handler                                   src\startup_stm32f429x.o
EFM_Decoder                                       src\Decoder.o
                                                  src\main.o
ETH_IRQHandler                                    src\startup_stm32f429x.o
ETH_WKUP_IRQHandler                               src\startup_stm32f429x.o
EXTI0_IRQHandler                                  src\startup_stm32f429x.o
EXTI15_10_IRQHandler                              src\startup_stm32f429x.o
EXTI1_IRQHandler                                  src\startup_stm32f429x.o
EXTI2_IRQHandler                                  src\startup_stm32f429x.o
EXTI3_IRQHandler                                  src\startup_stm32f429x.o
EXTI4_IRQHandler                                  src\startup_stm32f429x.o
EXTI9_5_IRQHandler                                src\startup_stm32f429x.o
EXTI_ClearFlag                                    Libraries\STM32F4xx_StdPeriph_Driver\src\stm32f4xx_exti.o
EXTI_ClearITPendingBit                            Libraries\STM32F4xx_StdPeriph_Driver\src\stm32f4xx_exti.o
EXTI_DeInit                                       Libraries\STM32F4xx_StdPeriph_Driver\src\stm32f4xx_exti.o
EXTI_GenerateSWInterrupt                          Libraries\STM32F4xx_StdPeriph_Driver\src\stm32f4xx_exti.o
EXTI_GetFlagStatus                                Libraries\STM32F4xx_StdPeriph_Driver\src\stm32f4xx_exti.o
EXTI_GetITStatus                                  Libraries\STM32F4xx_StdPeriph_Driver\src\stm32f4xx_exti.o
EXTI_Init                                         Libraries\STM32F4xx_StdPeriph_Driver\src\stm32f4xx_exti.o
EXTI_StructInit                                   Libraries\STM32F4xx_StdPeriph_Driver\src\stm32f4xx_exti.o
FLASH_ClearFlag                                   Libraries\STM32F4xx_StdPeriph_Driver\src\stm32f4xx_flash.o
FLASH_DataCacheCmd                                Libraries\STM32F4xx_StdPeriph_Driver\src\stm32f4xx_flash.o
FLASH_DataCacheReset                              Libraries\STM32F4xx_StdPeriph_Driver\src\stm32f4xx_flash.o
FLASH_EraseAllBank1Sectors                        Libraries\STM32F4xx_StdPeriph_Driver\src\stm32f4xx_flash.o
FLASH_EraseAllBank2Sectors                        Libraries\STM32F4xx_StdPeriph_Driver\src\stm32f4xx_flash.o
FLASH_EraseAllSectors                             Libraries\STM32F4xx_StdPeriph_Driver\src\stm32f4xx_flash.o
FLASH_EraseSector                                 Libraries\STM32F4xx_StdPeriph_Driver\src\stm32f4xx_flash.o
FLASH_GetFlagStatus                               Libraries\STM32F4xx_StdPeriph_Driver\src\stm32f4xx_flash.o
FLASH_GetStatus                                   Libraries\STM32F4xx_StdPeriph_Driver\src\stm32f4xx_flash.o
FLASH_IRQHandler                                  src\startup_stm32f429x.o
FLASH_ITConfig                                    Libraries\STM32F4xx_StdPeriph_Driver\src\stm32f4xx_flash.o
FLASH_InstructionCacheCmd                         Libraries\STM32F4xx_StdPeriph_Driver\src\stm32f4xx_flash.o
FLASH_InstructionCacheReset                       Libraries\STM32F4xx_StdPeriph_Driver\src\stm32f4xx_flash.o
FLASH_Lock                                        Libraries\STM32F4xx_StdPeriph_Driver\src\stm32f4xx_flash.o
FLASH_OB_BORConfig                                Libraries\STM32F4xx_StdPeriph_Driver\src\stm32f4xx_flash.o
FLASH_OB_BootConfig                               Libraries\STM32F4xx_StdPeriph_Driver\src\stm32f4xx_flash.o
FLASH_OB_GetBOR                                   Libraries\STM32F4xx_StdPeriph_Driver\src\stm32f4xx_flash.o
FLASH_OB_GetPCROP                                 Libraries\STM32F4xx_StdPeriph_Driver\src\stm32f4xx_flash.o
FLASH_OB_GetPCROP1                                Libraries\STM32F4xx_StdPeriph_Driver\src\stm32f4xx_flash.o
FLASH_OB_GetRDP                                   Libraries\STM32F4xx_StdPeriph_Driver\src\stm32f4xx_flash.o
FLASH_OB_GetUser                                  Libraries\STM32F4xx_StdPeriph_Driver\src\stm32f4xx_flash.o
FLASH_OB_GetWRP                                   Libraries\STM32F4xx_StdPeriph_Driver\src\stm32f4xx_flash.o
FLASH_OB_GetWRP1                                  Libraries\STM32F4xx_StdPeriph_Driver\src\stm32f4xx_flash.o
FLASH_OB_Launch                                   Libraries\STM32F4xx_StdPeriph_Driver\src\stm32f4xx_flash.o
FLASH_OB_Lock                                     Libraries\STM32F4xx_StdPeriph_Driver\src\stm32f4xx_flash.o
FLASH_OB_PCROP1Config                             Libraries\STM32F4xx_StdPeriph_Driver\src\stm32f4xx_flash.o
FLASH_OB_PCROPConfig                              Libraries\STM32F4xx_StdPeriph_Driver\src\stm32f4xx_flash.o
FLASH_OB_PCROPSelectionConfig                     Libraries\STM32F4xx_StdPeriph_Driver\src\stm32f4xx_flash.o
FLASH_OB_RDPConfig                                Libraries\STM32F4xx_StdPeriph_Driver\src\stm32f4xx_flash.o
FLASH_OB_Unlock                                   Libraries\STM32F4xx_StdPeriph_Driver\src\stm32f4xx_flash.o
FLASH_OB_UserConfig                               Libraries\STM32F4xx_StdPeriph_Driver\src\stm32f4xx_flash.o
FLASH_OB_WRP1Config                               Libraries\STM32F4xx_StdPeriph_Driver\src\stm32f4xx_flash.o
FLASH_OB_WRPConfig                                Libraries\STM32F4xx_StdPeriph_Driver\src\stm32f4xx_flash.o
FLASH_PrefetchBufferCmd                           Libraries\STM32F4xx_StdPeriph_Driver\src\stm32f4xx_flash.o
FLASH_ProgramByte                                 Libraries\STM32F4xx_StdPeriph_Driver\src\stm32f4xx_flash.o
FLASH_ProgramDoubleWord                           Libraries\STM32F4xx_StdPeriph_Driver\src\stm32f4xx_flash.o
FLASH_ProgramHalfWord                             Libraries\STM32F4xx_StdPeriph_Driver\src\stm32f4xx_flash.o
FLASH_ProgramWord                                 Libraries\STM32F4xx_StdPeriph_Driver\src\stm32f4xx_flash.o
FLASH_SetLatency                                  Libraries\STM32F4xx_StdPeriph_Driver\src\stm32f4xx_flash.o
FLASH_Unlock                                      Libraries\STM32F4xx_StdPeriph_Driver\src\stm32f4xx_flash.o
FLASH_WaitForLastOperation                        Libraries\STM32F4xx_StdPeriph_Driver\src\stm32f4xx_flash.o
FMC_ClearFlag                                     Libraries\STM32F4xx_StdPeriph_Driver\src\stm32f4xx_fmc.o
FMC_ClearITPendingBit                             Libraries\STM32F4xx_StdPeriph_Driver\src\stm32f4xx_fmc.o
FMC_GetECC                                        Libraries\STM32F4xx_StdPeriph_Driver\src\stm32f4xx_fmc.o
FMC_GetFlagStatus                                 Libraries\STM32F4xx_StdPeriph_Driver\src\stm32f4xx_fmc.o
FMC_GetITStatus                                   Libraries\STM32F4xx_StdPeriph_Driver\src\stm32f4xx_fmc.o
FMC_GetModeStatus                                 Libraries\STM32F4xx_StdPeriph_Driver\src\stm32f4xx_fmc.o
FMC_IRQHandler                                    src\startup_stm32f429x.o
FMC_ITConfig                                      Libraries\STM32F4xx_StdPeriph_Driver\src\stm32f4xx_fmc.o
FMC_NANDCmd                                       Libraries\STM32F4xx_StdPeriph_Driver\src\stm32f4xx_fmc.o
FMC_NANDDeInit                                    Libraries\STM32F4xx_StdPeriph_Driver\src\stm32f4xx_fmc.o
FMC_NANDECCCmd                                    Libraries\STM32F4xx_StdPeriph_Driver\src\stm32f4xx_fmc.o
FMC_NANDInit                                      Libraries\STM32F4xx_StdPeriph_Driver\src\stm32f4xx_fmc.o
FMC_NANDStructInit                                Libraries\STM32F4xx_StdPeriph_Driver\src\stm32f4xx_fmc.o
FMC_NORSRAMCmd                                    Libraries\STM32F4xx_StdPeriph_Driver\src\stm32f4xx_fmc.o
FMC_NORSRAMDeInit                                 Libraries\STM32F4xx_StdPeriph_Driver\src\stm32f4xx_fmc.o
FMC_NORSRAMInit                                   Libraries\STM32F4xx_StdPeriph_Driver\src\stm32f4xx_fmc.o
FMC_NORSRAMStructInit                             Libraries\STM32F4xx_StdPeriph_Driver\src\stm32f4xx_fmc.o
FMC_PCCARDCmd                                     Libraries\STM32F4xx_StdPeriph_Driver\src\stm32f4xx_fmc.o
FMC_PCCARDDeInit                                  Libraries\STM32F4xx_StdPeriph_Driver\src\stm32f4xx_fmc.o
FMC_PCCARDInit                                    Libraries\STM32F4xx_StdPeriph_Driver\src\stm32f4xx_fmc.o
FMC_PCCARDStructInit                              Libraries\STM32F4xx_StdPeriph_Driver\src\stm32f4xx_fmc.o
FMC_SDRAMCmdConfig                                Libraries\STM32F4xx_StdPeriph_Driver\src\stm32f4xx_fmc.o
FMC_SDRAMDeInit                                   Libraries\STM32F4xx_StdPeriph_Driver\src\stm32f4xx_fmc.o
FMC_SDRAMInit                                     Libraries\STM32F4xx_StdPeriph_Driver\src\stm32f4xx_fmc.o
FMC_SDRAMStructInit                               Libraries\STM32F4xx_StdPeriph_Driver\src\stm32f4xx_fmc.o
FMC_SDRAMWriteProtectionConfig                    Libraries\STM32F4xx_StdPeriph_Driver\src\stm32f4xx_fmc.o
FMC_SetAutoRefresh_Number                         Libraries\STM32F4xx_StdPeriph_Driver\src\stm32f4xx_fmc.o
FMC_SetRefreshCount                               Libraries\STM32F4xx_StdPeriph_Driver\src\stm32f4xx_fmc.o
FPU_IRQHandler                                    src\startup_stm32f429x.o
GPIO_Configuration                                src\main.o
GPIO_DeInit                                       Libraries\STM32F4xx_StdPeriph_Driver\src\stm32f4xx_gpio.o
GPIO_Init                                         Libraries\STM32F4xx_StdPeriph_Driver\src\stm32f4xx_gpio.o
                                                  src\main.o
GPIO_PinAFConfig                                  Libraries\STM32F4xx_StdPeriph_Driver\src\stm32f4xx_gpio.o
                                                  src\main.o
GPIO_PinLockConfig                                Libraries\STM32F4xx_StdPeriph_Driver\src\stm32f4xx_gpio.o
GPIO_ReadInputData                                Libraries\STM32F4xx_StdPeriph_Driver\src\stm32f4xx_gpio.o
GPIO_ReadInputDataBit                             Libraries\STM32F4xx_StdPeriph_Driver\src\stm32f4xx_gpio.o
GPIO_ReadOutputData                               Libraries\STM32F4xx_StdPeriph_Driver\src\stm32f4xx_gpio.o
GPIO_ReadOutputDataBit                            Libraries\STM32F4xx_StdPeriph_Driver\src\stm32f4xx_gpio.o
GPIO_ResetBits                                    Libraries\STM32F4xx_StdPeriph_Driver\src\stm32f4xx_gpio.o
                                                  src\tm_stm32f4_ili9341.o
GPIO_SetBits                                      Libraries\STM32F4xx_StdPeriph_Driver\src\stm32f4xx_gpio.o
                                                  src\tm_stm32f4_ili9341.o
GPIO_StructInit                                   Libraries\STM32F4xx_StdPeriph_Driver\src\stm32f4xx_gpio.o
GPIO_ToggleBits                                   Libraries\STM32F4xx_StdPeriph_Driver\src\stm32f4xx_gpio.o
GPIO_Write                                        Libraries\STM32F4xx_StdPeriph_Driver\src\stm32f4xx_gpio.o
GPIO_WriteBit                                     Libraries\STM32F4xx_StdPeriph_Driver\src\stm32f4xx_gpio.o
HASH_AutoStartDigest                              Libraries\STM32F4xx_StdPeriph_Driver\src\stm32f4xx_hash.o
HASH_ClearFlag                                    Libraries\STM32F4xx_StdPeriph_Driver\src\stm32f4xx_hash.o
HASH_ClearITPendingBit                            Libraries\STM32F4xx_StdPeriph_Driver\src\stm32f4xx_hash.o
HASH_DMACmd                                       Libraries\STM32F4xx_StdPeriph_Driver\src\stm32f4xx_hash.o
HASH_DataIn                                       Libraries\STM32F4xx_StdPeriph_Driver\src\stm32f4xx_hash.o
                                                  Libraries\STM32F4xx_StdPeriph_Driver\src\stm32f4xx_hash_md5.o
                                                  Libraries\STM32F4xx_StdPeriph_Driver\src\stm32f4xx_hash_sha1.o
HASH_DeInit                                       Libraries\STM32F4xx_StdPeriph_Driver\src\stm32f4xx_hash.o
                                                  Libraries\STM32F4xx_StdPeriph_Driver\src\stm32f4xx_hash_md5.o
                                                  Libraries\STM32F4xx_StdPeriph_Driver\src\stm32f4xx_hash_sha1.o
HASH_GetDigest                                    Libraries\STM32F4xx_StdPeriph_Driver\src\stm32f4xx_hash.o
                                                  Libraries\STM32F4xx_StdPeriph_Driver\src\stm32f4xx_hash_md5.o
                                                  Libraries\STM32F4xx_StdPeriph_Driver\src\stm32f4xx_hash_sha1.o
HASH_GetFlagStatus                                Libraries\STM32F4xx_StdPeriph_Driver\src\stm32f4xx_hash.o
                                                  Libraries\STM32F4xx_StdPeriph_Driver\src\stm32f4xx_hash_md5.o
                                                  Libraries\STM32F4xx_StdPeriph_Driver\src\stm32f4xx_hash_sha1.o
HASH_GetITStatus                                  Libraries\STM32F4xx_StdPeriph_Driver\src\stm32f4xx_hash.o
HASH_GetInFIFOWordsNbr                            Libraries\STM32F4xx_StdPeriph_Driver\src\stm32f4xx_hash.o
HASH_ITConfig                                     Libraries\STM32F4xx_StdPeriph_Driver\src\stm32f4xx_hash.o
HASH_Init                                         Libraries\STM32F4xx_StdPeriph_Driver\src\stm32f4xx_hash.o
                                                  Libraries\STM32F4xx_StdPeriph_Driver\src\stm32f4xx_hash_md5.o
                                                  Libraries\STM32F4xx_StdPeriph_Driver\src\stm32f4xx_hash_sha1.o
HASH_MD5                                          Libraries\STM32F4xx_StdPeriph_Driver\src\stm32f4xx_hash_md5.o
HASH_RNG_IRQHandler                               src\startup_stm32f429x.o
HASH_Reset                                        Libraries\STM32F4xx_StdPeriph_Driver\src\stm32f4xx_hash.o
HASH_RestoreContext                               Libraries\STM32F4xx_StdPeriph_Driver\src\stm32f4xx_hash.o
HASH_SHA1                                         Libraries\STM32F4xx_StdPeriph_Driver\src\stm32f4xx_hash_sha1.o
HASH_SaveContext                                  Libraries\STM32F4xx_StdPeriph_Driver\src\stm32f4xx_hash.o
HASH_SetLastWordValidBitsNbr                      Libraries\STM32F4xx_StdPeriph_Driver\src\stm32f4xx_hash.o
                                                  Libraries\STM32F4xx_StdPeriph_Driver\src\stm32f4xx_hash_md5.o
                                                  Libraries\STM32F4xx_StdPeriph_Driver\src\stm32f4xx_hash_sha1.o
HASH_StartDigest                                  Libraries\STM32F4xx_StdPeriph_Driver\src\stm32f4xx_hash.o
                                                  Libraries\STM32F4xx_StdPeriph_Driver\src\stm32f4xx_hash_md5.o
                                                  Libraries\STM32F4xx_StdPeriph_Driver\src\stm32f4xx_hash_sha1.o
HASH_StructInit                                   Libraries\STM32F4xx_StdPeriph_Driver\src\stm32f4xx_hash.o
HMAC_MD5                                          Libraries\STM32F4xx_StdPeriph_Driver\src\stm32f4xx_hash_md5.o
HMAC_SHA1                                         Libraries\STM32F4xx_StdPeriph_Driver\src\stm32f4xx_hash_sha1.o
HardFault_Handler                                 src\stm32f4xx_it.o
I2C1_ER_IRQHandler                                src\startup_stm32f429x.o
I2C1_EV_IRQHandler                                src\startup_stm32f429x.o
I2C2_ER_IRQHandler                                src\startup_stm32f429x.o
I2C2_EV_IRQHandler                                src\startup_stm32f429x.o
I2C3_ER_IRQHandler                                src\startup_stm32f429x.o
I2C3_EV_IRQHandler                                src\startup_stm32f429x.o
I2C_ARPCmd                                        Libraries\STM32F4xx_StdPeriph_Driver\src\stm32f4xx_i2c.o
I2C_AcknowledgeConfig                             Libraries\STM32F4xx_StdPeriph_Driver\src\stm32f4xx_i2c.o
I2C_AnalogFilterCmd                               Libraries\STM32F4xx_StdPeriph_Driver\src\stm32f4xx_i2c.o
I2C_CalculatePEC                                  Libraries\STM32F4xx_StdPeriph_Driver\src\stm32f4xx_i2c.o
I2C_CheckEvent                                    Libraries\STM32F4xx_StdPeriph_Driver\src\stm32f4xx_i2c.o
I2C_ClearFlag                                     Libraries\STM32F4xx_StdPeriph_Driver\src\stm32f4xx_i2c.o
I2C_ClearITPendingBit                             Libraries\STM32F4xx_StdPeriph_Driver\src\stm32f4xx_i2c.o
I2C_Cmd                                           Libraries\STM32F4xx_StdPeriph_Driver\src\stm32f4xx_i2c.o
I2C_DMACmd                                        Libraries\STM32F4xx_StdPeriph_Driver\src\stm32f4xx_i2c.o
I2C_DMALastTransferCmd                            Libraries\STM32F4xx_StdPeriph_Driver\src\stm32f4xx_i2c.o
I2C_DeInit                                        Libraries\STM32F4xx_StdPeriph_Driver\src\stm32f4xx_i2c.o
I2C_DigitalFilterConfig                           Libraries\STM32F4xx_StdPeriph_Driver\src\stm32f4xx_i2c.o
I2C_DualAddressCmd                                Libraries\STM32F4xx_StdPeriph_Driver\src\stm32f4xx_i2c.o
I2C_FastModeDutyCycleConfig                       Libraries\STM32F4xx_StdPeriph_Driver\src\stm32f4xx_i2c.o
I2C_GeneralCallCmd                                Libraries\STM32F4xx_StdPeriph_Driver\src\stm32f4xx_i2c.o
I2C_GenerateSTART                                 Libraries\STM32F4xx_StdPeriph_Driver\src\stm32f4xx_i2c.o
I2C_GenerateSTOP                                  Libraries\STM32F4xx_StdPeriph_Driver\src\stm32f4xx_i2c.o
I2C_GetFlagStatus                                 Libraries\STM32F4xx_StdPeriph_Driver\src\stm32f4xx_i2c.o
I2C_GetITStatus                                   Libraries\STM32F4xx_StdPeriph_Driver\src\stm32f4xx_i2c.o
I2C_GetLastEvent                                  Libraries\STM32F4xx_StdPeriph_Driver\src\stm32f4xx_i2c.o
I2C_GetPEC                                        Libraries\STM32F4xx_StdPeriph_Driver\src\stm32f4xx_i2c.o
I2C_ITConfig                                      Libraries\STM32F4xx_StdPeriph_Driver\src\stm32f4xx_i2c.o
I2C_Init                                          Libraries\STM32F4xx_StdPeriph_Driver\src\stm32f4xx_i2c.o
I2C_NACKPositionConfig                            Libraries\STM32F4xx_StdPeriph_Driver\src\stm32f4xx_i2c.o
I2C_OwnAddress2Config                             Libraries\STM32F4xx_StdPeriph_Driver\src\stm32f4xx_i2c.o
I2C_PECPositionConfig                             Libraries\STM32F4xx_StdPeriph_Driver\src\stm32f4xx_i2c.o
I2C_ReadRegister                                  Libraries\STM32F4xx_StdPeriph_Driver\src\stm32f4xx_i2c.o
I2C_ReceiveData                                   Libraries\STM32F4xx_StdPeriph_Driver\src\stm32f4xx_i2c.o
I2C_SMBusAlertConfig                              Libraries\STM32F4xx_StdPeriph_Driver\src\stm32f4xx_i2c.o
I2C_Send7bitAddress                               Libraries\STM32F4xx_StdPeriph_Driver\src\stm32f4xx_i2c.o
I2C_SendData                                      Libraries\STM32F4xx_StdPeriph_Driver\src\stm32f4xx_i2c.o
I2C_SoftwareResetCmd                              Libraries\STM32F4xx_StdPeriph_Driver\src\stm32f4xx_i2c.o
I2C_StretchClockCmd                               Libraries\STM32F4xx_StdPeriph_Driver\src\stm32f4xx_i2c.o
I2C_StructInit                                    Libraries\STM32F4xx_StdPeriph_Driver\src\stm32f4xx_i2c.o
I2C_TransmitPEC                                   Libraries\STM32F4xx_StdPeriph_Driver\src\stm32f4xx_i2c.o
I2S_Cmd                                           Libraries\STM32F4xx_StdPeriph_Driver\src\stm32f4xx_spi.o
I2S_FullDuplexConfig                              Libraries\STM32F4xx_StdPeriph_Driver\src\stm32f4xx_spi.o
I2S_Init                                          Libraries\STM32F4xx_StdPeriph_Driver\src\stm32f4xx_spi.o
I2S_StructInit                                    Libraries\STM32F4xx_StdPeriph_Driver\src\stm32f4xx_spi.o
ILI9341_INT_CalledFromPuts                        src\tm_stm32f4_ili9341.o
ILI9341_Opts                                      src\tm_stm32f4_ili9341.o
ILI9341_x                                         src\tm_stm32f4_ili9341.o
ILI9341_y                                         src\tm_stm32f4_ili9341.o
IWDG_Enable                                       Libraries\STM32F4xx_StdPeriph_Driver\src\stm32f4xx_iwdg.o
IWDG_GetFlagStatus                                Libraries\STM32F4xx_StdPeriph_Driver\src\stm32f4xx_iwdg.o
IWDG_ReloadCounter                                Libraries\STM32F4xx_StdPeriph_Driver\src\stm32f4xx_iwdg.o
IWDG_SetPrescaler                                 Libraries\STM32F4xx_StdPeriph_Driver\src\stm32f4xx_iwdg.o
IWDG_SetReload                                    Libraries\STM32F4xx_StdPeriph_Driver\src\stm32f4xx_iwdg.o
IWDG_WriteAccessCmd                               Libraries\STM32F4xx_StdPeriph_Driver\src\stm32f4xx_iwdg.o
LCD_display                                       src\main.o
LTDC_CLUTCmd                                      Libraries\STM32F4xx_StdPeriph_Driver\src\stm32f4xx_ltdc.o
LTDC_CLUTInit                                     Libraries\STM32F4xx_StdPeriph_Driver\src\stm32f4xx_ltdc.o
LTDC_CLUTStructInit                               Libraries\STM32F4xx_StdPeriph_Driver\src\stm32f4xx_ltdc.o
LTDC_ClearFlag                                    Libraries\STM32F4xx_StdPeriph_Driver\src\stm32f4xx_ltdc.o
LTDC_ClearITPendingBit                            Libraries\STM32F4xx_StdPeriph_Driver\src\stm32f4xx_ltdc.o
LTDC_Cmd                                          Libraries\STM32F4xx_StdPeriph_Driver\src\stm32f4xx_ltdc.o
LTDC_ColorKeyingConfig                            Libraries\STM32F4xx_StdPeriph_Driver\src\stm32f4xx_ltdc.o
LTDC_ColorKeyingStructInit                        Libraries\STM32F4xx_StdPeriph_Driver\src\stm32f4xx_ltdc.o
LTDC_DeInit                                       Libraries\STM32F4xx_StdPeriph_Driver\src\stm32f4xx_ltdc.o
LTDC_DitherCmd                                    Libraries\STM32F4xx_StdPeriph_Driver\src\stm32f4xx_ltdc.o
LTDC_ER_IRQHandler                                src\startup_stm32f429x.o
LTDC_GetCDStatus                                  Libraries\STM32F4xx_StdPeriph_Driver\src\stm32f4xx_ltdc.o
LTDC_GetFlagStatus                                Libraries\STM32F4xx_StdPeriph_Driver\src\stm32f4xx_ltdc.o
LTDC_GetITStatus                                  Libraries\STM32F4xx_StdPeriph_Driver\src\stm32f4xx_ltdc.o
LTDC_GetPosStatus                                 Libraries\STM32F4xx_StdPeriph_Driver\src\stm32f4xx_ltdc.o
LTDC_GetRGBWidth                                  Libraries\STM32F4xx_StdPeriph_Driver\src\stm32f4xx_ltdc.o
LTDC_IRQHandler                                   src\startup_stm32f429x.o
LTDC_ITConfig                                     Libraries\STM32F4xx_StdPeriph_Driver\src\stm32f4xx_ltdc.o
LTDC_Init                                         Libraries\STM32F4xx_StdPeriph_Driver\src\stm32f4xx_ltdc.o
LTDC_LIPConfig                                    Libraries\STM32F4xx_StdPeriph_Driver\src\stm32f4xx_ltdc.o